<!doctype html public "-//w3c//dtd html 4.0 transitional//en">
<html><head>
<title>Static Call Graph - [work_Zxj\work_Zxj.axf]</title></head>
<body><HR>
<H1>Static Call Graph for image work_Zxj\work_Zxj.axf</H1><HR>
<BR><P>#&#060CALLGRAPH&#062# ARM Linker, 5060528: Last Updated: Thu Jul 30 17:10:22 2026
<BR><P>
<H3>Maximum Stack Usage =        556 bytes + Unknown(Cycles, Untraceable Function Pointers)</H3><H3>
Call chain for Maximum Stack Depth:</H3>
StartROBOTTASK &rArr; ChassisTask &rArr; OmniCalculate &rArr; Chassis_UpdateMoveTask &rArr; FinishTask &rArr; SendStatusAndOdometryToAgent &rArr; AgentTxWrite &rArr; AgentTxKick &rArr; HAL_UART_Transmit_DMA &rArr; HAL_DMA_Start_IT &rArr; DMA_SetConfig
<P>
<H3>
Mutually Recursive functions
</H3> <LI><a href="#[1c]">ADC_IRQHandler</a>&nbsp;&nbsp;&nbsp;&rArr;&nbsp;&nbsp;&nbsp;<a href="#[1c]">ADC_IRQHandler</a><BR>
 <LI><a href="#[4]">BusFault_Handler</a>&nbsp;&nbsp;&nbsp;&rArr;&nbsp;&nbsp;&nbsp;<a href="#[4]">BusFault_Handler</a><BR>
 <LI><a href="#[2]">HardFault_Handler</a>&nbsp;&nbsp;&nbsp;&rArr;&nbsp;&nbsp;&nbsp;<a href="#[2]">HardFault_Handler</a><BR>
 <LI><a href="#[3]">MemManage_Handler</a>&nbsp;&nbsp;&nbsp;&rArr;&nbsp;&nbsp;&nbsp;<a href="#[3]">MemManage_Handler</a><BR>
 <LI><a href="#[1]">NMI_Handler</a>&nbsp;&nbsp;&nbsp;&rArr;&nbsp;&nbsp;&nbsp;<a href="#[1]">NMI_Handler</a><BR>
 <LI><a href="#[172]">UART_EndRxTransfer</a>&nbsp;&nbsp;&nbsp;&rArr;&nbsp;&nbsp;&nbsp;<a href="#[172]">UART_EndRxTransfer</a><BR>
 <LI><a href="#[5]">UsageFault_Handler</a>&nbsp;&nbsp;&nbsp;&rArr;&nbsp;&nbsp;&nbsp;<a href="#[5]">UsageFault_Handler</a><BR>
 <LI><a href="#[1df]">UART_EndTxTransfer</a>&nbsp;&nbsp;&nbsp;&rArr;&nbsp;&nbsp;&nbsp;<a href="#[1df]">UART_EndTxTransfer</a><BR>
</UL>
<P>
<H3>
Function Pointers
</H3><UL>
 <LI><a href="#[1c]">ADC_IRQHandler</a> from startup_stm32f407xx.o(.text) referenced from startup_stm32f407xx.o(RESET)
 <LI><a href="#[4]">BusFault_Handler</a> from stm32f4xx_it.o(i.BusFault_Handler) referenced from startup_stm32f407xx.o(RESET)
 <LI><a href="#[1e]">CAN1_RX0_IRQHandler</a> from stm32f4xx_it.o(i.CAN1_RX0_IRQHandler) referenced from startup_stm32f407xx.o(RESET)
 <LI><a href="#[1f]">CAN1_RX1_IRQHandler</a> from stm32f4xx_it.o(i.CAN1_RX1_IRQHandler) referenced from startup_stm32f407xx.o(RESET)
 <LI><a href="#[20]">CAN1_SCE_IRQHandler</a> from stm32f4xx_it.o(i.CAN1_SCE_IRQHandler) referenced from startup_stm32f407xx.o(RESET)
 <LI><a href="#[1d]">CAN1_TX_IRQHandler</a> from startup_stm32f407xx.o(.text) referenced from startup_stm32f407xx.o(RESET)
 <LI><a href="#[4a]">CAN2_RX0_IRQHandler</a> from stm32f4xx_it.o(i.CAN2_RX0_IRQHandler) referenced from startup_stm32f407xx.o(RESET)
 <LI><a href="#[4b]">CAN2_RX1_IRQHandler</a> from stm32f4xx_it.o(i.CAN2_RX1_IRQHandler) referenced from startup_stm32f407xx.o(RESET)
 <LI><a href="#[4c]">CAN2_SCE_IRQHandler</a> from stm32f4xx_it.o(i.CAN2_SCE_IRQHandler) referenced from startup_stm32f407xx.o(RESET)
 <LI><a href="#[49]">CAN2_TX_IRQHandler</a> from startup_stm32f407xx.o(.text) referenced from startup_stm32f407xx.o(RESET)
 <LI><a href="#[58]">DCMI_IRQHandler</a> from startup_stm32f407xx.o(.text) referenced from startup_stm32f407xx.o(RESET)
 <LI><a href="#[15]">DMA1_Stream0_IRQHandler</a> from startup_stm32f407xx.o(.text) referenced from startup_stm32f407xx.o(RESET)
 <LI><a href="#[16]">DMA1_Stream1_IRQHandler</a> from stm32f4xx_it.o(i.DMA1_Stream1_IRQHandler) referenced from startup_stm32f407xx.o(RESET)
 <LI><a href="#[17]">DMA1_Stream2_IRQHandler</a> from startup_stm32f407xx.o(.text) referenced from startup_stm32f407xx.o(RESET)
 <LI><a href="#[18]">DMA1_Stream3_IRQHandler</a> from startup_stm32f407xx.o(.text) referenced from startup_stm32f407xx.o(RESET)
 <LI><a href="#[19]">DMA1_Stream4_IRQHandler</a> from startup_stm32f407xx.o(.text) referenced from startup_stm32f407xx.o(RESET)
 <LI><a href="#[1a]">DMA1_Stream5_IRQHandler</a> from startup_stm32f407xx.o(.text) referenced from startup_stm32f407xx.o(RESET)
 <LI><a href="#[1b]">DMA1_Stream6_IRQHandler</a> from startup_stm32f407xx.o(.text) referenced from startup_stm32f407xx.o(RESET)
 <LI><a href="#[39]">DMA1_Stream7_IRQHandler</a> from startup_stm32f407xx.o(.text) referenced from startup_stm32f407xx.o(RESET)
 <LI><a href="#[42]">DMA2_Stream0_IRQHandler</a> from stm32f4xx_it.o(i.DMA2_Stream0_IRQHandler) referenced from startup_stm32f407xx.o(RESET)
 <LI><a href="#[43]">DMA2_Stream1_IRQHandler</a> from startup_stm32f407xx.o(.text) referenced from startup_stm32f407xx.o(RESET)
 <LI><a href="#[44]">DMA2_Stream2_IRQHandler</a> from stm32f4xx_it.o(i.DMA2_Stream2_IRQHandler) referenced from startup_stm32f407xx.o(RESET)
 <LI><a href="#[45]">DMA2_Stream3_IRQHandler</a> from stm32f4xx_it.o(i.DMA2_Stream3_IRQHandler) referenced from startup_stm32f407xx.o(RESET)
 <LI><a href="#[46]">DMA2_Stream4_IRQHandler</a> from startup_stm32f407xx.o(.text) referenced from startup_stm32f407xx.o(RESET)
 <LI><a href="#[4e]">DMA2_Stream5_IRQHandler</a> from stm32f4xx_it.o(i.DMA2_Stream5_IRQHandler) referenced from startup_stm32f407xx.o(RESET)
 <LI><a href="#[4f]">DMA2_Stream6_IRQHandler</a> from stm32f4xx_it.o(i.DMA2_Stream6_IRQHandler) referenced from startup_stm32f407xx.o(RESET)
 <LI><a href="#[50]">DMA2_Stream7_IRQHandler</a> from stm32f4xx_it.o(i.DMA2_Stream7_IRQHandler) referenced from startup_stm32f407xx.o(RESET)
 <LI><a href="#[7]">DebugMon_Handler</a> from stm32f4xx_it.o(i.DebugMon_Handler) referenced from startup_stm32f407xx.o(RESET)
 <LI><a href="#[47]">ETH_IRQHandler</a> from startup_stm32f407xx.o(.text) referenced from startup_stm32f407xx.o(RESET)
 <LI><a href="#[48]">ETH_WKUP_IRQHandler</a> from startup_stm32f407xx.o(.text) referenced from startup_stm32f407xx.o(RESET)
 <LI><a href="#[10]">EXTI0_IRQHandler</a> from startup_stm32f407xx.o(.text) referenced from startup_stm32f407xx.o(RESET)
 <LI><a href="#[32]">EXTI15_10_IRQHandler</a> from startup_stm32f407xx.o(.text) referenced from startup_stm32f407xx.o(RESET)
 <LI><a href="#[11]">EXTI1_IRQHandler</a> from startup_stm32f407xx.o(.text) referenced from startup_stm32f407xx.o(RESET)
 <LI><a href="#[12]">EXTI2_IRQHandler</a> from startup_stm32f407xx.o(.text) referenced from startup_stm32f407xx.o(RESET)
 <LI><a href="#[13]">EXTI3_IRQHandler</a> from stm32f4xx_it.o(i.EXTI3_IRQHandler) referenced from startup_stm32f407xx.o(RESET)
 <LI><a href="#[14]">EXTI4_IRQHandler</a> from stm32f4xx_it.o(i.EXTI4_IRQHandler) referenced from startup_stm32f407xx.o(RESET)
 <LI><a href="#[21]">EXTI9_5_IRQHandler</a> from stm32f4xx_it.o(i.EXTI9_5_IRQHandler) referenced from startup_stm32f407xx.o(RESET)
 <LI><a href="#[e]">FLASH_IRQHandler</a> from stm32f4xx_it.o(i.FLASH_IRQHandler) referenced from startup_stm32f407xx.o(RESET)
 <LI><a href="#[3a]">FMC_IRQHandler</a> from startup_stm32f407xx.o(.text) referenced from startup_stm32f407xx.o(RESET)
 <LI><a href="#[5a]">FPU_IRQHandler</a> from startup_stm32f407xx.o(.text) referenced from startup_stm32f407xx.o(RESET)
 <LI><a href="#[59]">HASH_RNG_IRQHandler</a> from startup_stm32f407xx.o(.text) referenced from startup_stm32f407xx.o(RESET)
 <LI><a href="#[2]">HardFault_Handler</a> from stm32f4xx_it.o(i.HardFault_Handler) referenced from startup_stm32f407xx.o(RESET)
 <LI><a href="#[2a]">I2C1_ER_IRQHandler</a> from startup_stm32f407xx.o(.text) referenced from startup_stm32f407xx.o(RESET)
 <LI><a href="#[29]">I2C1_EV_IRQHandler</a> from startup_stm32f407xx.o(.text) referenced from startup_stm32f407xx.o(RESET)
 <LI><a href="#[2c]">I2C2_ER_IRQHandler</a> from startup_stm32f407xx.o(.text) referenced from startup_stm32f407xx.o(RESET)
 <LI><a href="#[2b]">I2C2_EV_IRQHandler</a> from startup_stm32f407xx.o(.text) referenced from startup_stm32f407xx.o(RESET)
 <LI><a href="#[53]">I2C3_ER_IRQHandler</a> from startup_stm32f407xx.o(.text) referenced from startup_stm32f407xx.o(RESET)
 <LI><a href="#[52]">I2C3_EV_IRQHandler</a> from startup_stm32f407xx.o(.text) referenced from startup_stm32f407xx.o(RESET)
 <LI><a href="#[3]">MemManage_Handler</a> from stm32f4xx_it.o(i.MemManage_Handler) referenced from startup_stm32f407xx.o(RESET)
 <LI><a href="#[1]">NMI_Handler</a> from stm32f4xx_it.o(i.NMI_Handler) referenced from startup_stm32f407xx.o(RESET)
 <LI><a href="#[63]">Nx16BufferRxCallback</a> from nx16.o(i.Nx16BufferRxCallback) referenced from nx16.o(i.Nx16ControlInit)
 <LI><a href="#[4d]">OTG_FS_IRQHandler</a> from startup_stm32f407xx.o(.text) referenced from startup_stm32f407xx.o(RESET)
 <LI><a href="#[34]">OTG_FS_WKUP_IRQHandler</a> from startup_stm32f407xx.o(.text) referenced from startup_stm32f407xx.o(RESET)
 <LI><a href="#[55]">OTG_HS_EP1_IN_IRQHandler</a> from startup_stm32f407xx.o(.text) referenced from startup_stm32f407xx.o(RESET)
 <LI><a href="#[54]">OTG_HS_EP1_OUT_IRQHandler</a> from startup_stm32f407xx.o(.text) referenced from startup_stm32f407xx.o(RESET)
 <LI><a href="#[57]">OTG_HS_IRQHandler</a> from startup_stm32f407xx.o(.text) referenced from startup_stm32f407xx.o(RESET)
 <LI><a href="#[56]">OTG_HS_WKUP_IRQHandler</a> from startup_stm32f407xx.o(.text) referenced from startup_stm32f407xx.o(RESET)
 <LI><a href="#[b]">PVD_IRQHandler</a> from startup_stm32f407xx.o(.text) referenced from startup_stm32f407xx.o(RESET)
 <LI><a href="#[8]">PendSV_Handler</a> from port.o(.emb_text) referenced from startup_stm32f407xx.o(RESET)
 <LI><a href="#[f]">RCC_IRQHandler</a> from startup_stm32f407xx.o(.text) referenced from startup_stm32f407xx.o(RESET)
 <LI><a href="#[6a]">RCLostCallback</a> from flysky_sbus.o(i.RCLostCallback) referenced from flysky_sbus.o(.constdata)
 <LI><a href="#[33]">RTC_Alarm_IRQHandler</a> from startup_stm32f407xx.o(.text) referenced from startup_stm32f407xx.o(RESET)
 <LI><a href="#[d]">RTC_WKUP_IRQHandler</a> from startup_stm32f407xx.o(.text) referenced from startup_stm32f407xx.o(RESET)
 <LI><a href="#[64]">RemoteControlRxCallback</a> from flysky_sbus.o(i.RemoteControlRxCallback) referenced from flysky_sbus.o(i.RemoteControlInit)
 <LI><a href="#[0]">Reset_Handler</a> from startup_stm32f407xx.o(.text) referenced from startup_stm32f407xx.o(RESET)
 <LI><a href="#[3b]">SDIO_IRQHandler</a> from startup_stm32f407xx.o(.text) referenced from startup_stm32f407xx.o(RESET)
 <LI><a href="#[2d]">SPI1_IRQHandler</a> from stm32f4xx_it.o(i.SPI1_IRQHandler) referenced from startup_stm32f407xx.o(RESET)
 <LI><a href="#[2e]">SPI2_IRQHandler</a> from stm32f4xx_it.o(i.SPI2_IRQHandler) referenced from startup_stm32f407xx.o(RESET)
 <LI><a href="#[3d]">SPI3_IRQHandler</a> from startup_stm32f407xx.o(.text) referenced from startup_stm32f407xx.o(RESET)
 <LI><a href="#[5e]">SPI_DMAAbortOnError</a> from stm32f4xx_hal_spi.o(i.SPI_DMAAbortOnError) referenced from stm32f4xx_hal_spi.o(i.HAL_SPI_IRQHandler)
 <LI><a href="#[6]">SVC_Handler</a> from port.o(.emb_text) referenced from startup_stm32f407xx.o(RESET)
 <LI><a href="#[6c]">StartDAEMONTASK</a> from control_logic.o(i.StartDAEMONTASK) referenced from hardware_config.o(.constdata)
 <LI><a href="#[69]">StartDefaultTask</a> from freertos.o(i.StartDefaultTask) referenced from freertos.o(.constdata)
 <LI><a href="#[6b]">StartMOTORTASK</a> from control_logic.o(i.StartMOTORTASK) referenced from hardware_config.o(.constdata)
 <LI><a href="#[6d]">StartROBOTTASK</a> from control_logic.o(i.StartROBOTTASK) referenced from hardware_config.o(.constdata)
 <LI><a href="#[9]">SysTick_Handler</a> from port.o(i.SysTick_Handler) referenced from startup_stm32f407xx.o(RESET)
 <LI><a href="#[5c]">SystemInit</a> from system_stm32f4xx.o(i.SystemInit) referenced from startup_stm32f407xx.o(.text)
 <LI><a href="#[c]">TAMP_STAMP_IRQHandler</a> from startup_stm32f407xx.o(.text) referenced from startup_stm32f407xx.o(RESET)
 <LI><a href="#[22]">TIM1_BRK_TIM9_IRQHandler</a> from startup_stm32f407xx.o(.text) referenced from startup_stm32f407xx.o(RESET)
 <LI><a href="#[25]">TIM1_CC_IRQHandler</a> from startup_stm32f407xx.o(.text) referenced from startup_stm32f407xx.o(RESET)
 <LI><a href="#[24]">TIM1_TRG_COM_TIM11_IRQHandler</a> from startup_stm32f407xx.o(.text) referenced from startup_stm32f407xx.o(RESET)
 <LI><a href="#[23]">TIM1_UP_TIM10_IRQHandler</a> from startup_stm32f407xx.o(.text) referenced from startup_stm32f407xx.o(RESET)
 <LI><a href="#[26]">TIM2_IRQHandler</a> from startup_stm32f407xx.o(.text) referenced from startup_stm32f407xx.o(RESET)
 <LI><a href="#[27]">TIM3_IRQHandler</a> from startup_stm32f407xx.o(.text) referenced from startup_stm32f407xx.o(RESET)
 <LI><a href="#[28]">TIM4_IRQHandler</a> from startup_stm32f407xx.o(.text) referenced from startup_stm32f407xx.o(RESET)
 <LI><a href="#[3c]">TIM5_IRQHandler</a> from startup_stm32f407xx.o(.text) referenced from startup_stm32f407xx.o(RESET)
 <LI><a href="#[40]">TIM6_DAC_IRQHandler</a> from startup_stm32f407xx.o(.text) referenced from startup_stm32f407xx.o(RESET)
 <LI><a href="#[41]">TIM7_IRQHandler</a> from startup_stm32f407xx.o(.text) referenced from startup_stm32f407xx.o(RESET)
 <LI><a href="#[35]">TIM8_BRK_TIM12_IRQHandler</a> from startup_stm32f407xx.o(.text) referenced from startup_stm32f407xx.o(RESET)
 <LI><a href="#[38]">TIM8_CC_IRQHandler</a> from startup_stm32f407xx.o(.text) referenced from startup_stm32f407xx.o(RESET)
 <LI><a href="#[37]">TIM8_TRG_COM_TIM14_IRQHandler</a> from stm32f4xx_it.o(i.TIM8_TRG_COM_TIM14_IRQHandler) referenced from startup_stm32f407xx.o(RESET)
 <LI><a href="#[36]">TIM8_UP_TIM13_IRQHandler</a> from startup_stm32f407xx.o(.text) referenced from startup_stm32f407xx.o(RESET)
 <LI><a href="#[3e]">UART4_IRQHandler</a> from startup_stm32f407xx.o(.text) referenced from startup_stm32f407xx.o(RESET)
 <LI><a href="#[3f]">UART5_IRQHandler</a> from startup_stm32f407xx.o(.text) referenced from startup_stm32f407xx.o(RESET)
 <LI><a href="#[5f]">UART_DMAAbortOnError</a> from stm32f4xx_hal_uart.o(i.UART_DMAAbortOnError) referenced from stm32f4xx_hal_uart.o(i.HAL_UART_IRQHandler)
 <LI><a href="#[62]">UART_DMAError</a> from stm32f4xx_hal_uart.o(i.UART_DMAError) referenced from stm32f4xx_hal_uart.o(i.HAL_UART_Transmit_DMA)
 <LI><a href="#[62]">UART_DMAError</a> from stm32f4xx_hal_uart.o(i.UART_DMAError) referenced from stm32f4xx_hal_uart.o(i.UART_Start_Receive_DMA)
 <LI><a href="#[65]">UART_DMAReceiveCplt</a> from stm32f4xx_hal_uart.o(i.UART_DMAReceiveCplt) referenced from stm32f4xx_hal_uart.o(i.UART_Start_Receive_DMA)
 <LI><a href="#[66]">UART_DMARxHalfCplt</a> from stm32f4xx_hal_uart.o(i.UART_DMARxHalfCplt) referenced from stm32f4xx_hal_uart.o(i.UART_Start_Receive_DMA)
 <LI><a href="#[60]">UART_DMATransmitCplt</a> from stm32f4xx_hal_uart.o(i.UART_DMATransmitCplt) referenced from stm32f4xx_hal_uart.o(i.HAL_UART_Transmit_DMA)
 <LI><a href="#[61]">UART_DMATxHalfCplt</a> from stm32f4xx_hal_uart.o(i.UART_DMATxHalfCplt) referenced from stm32f4xx_hal_uart.o(i.HAL_UART_Transmit_DMA)
 <LI><a href="#[2f]">USART1_IRQHandler</a> from stm32f4xx_it.o(i.USART1_IRQHandler) referenced from startup_stm32f407xx.o(RESET)
 <LI><a href="#[30]">USART2_IRQHandler</a> from startup_stm32f407xx.o(.text) referenced from startup_stm32f407xx.o(RESET)
 <LI><a href="#[31]">USART3_IRQHandler</a> from stm32f4xx_it.o(i.USART3_IRQHandler) referenced from startup_stm32f407xx.o(RESET)
 <LI><a href="#[51]">USART6_IRQHandler</a> from stm32f4xx_it.o(i.USART6_IRQHandler) referenced from startup_stm32f407xx.o(RESET)
 <LI><a href="#[5]">UsageFault_Handler</a> from stm32f4xx_it.o(i.UsageFault_Handler) referenced from startup_stm32f407xx.o(RESET)
 <LI><a href="#[a]">WWDG_IRQHandler</a> from startup_stm32f407xx.o(.text) referenced from startup_stm32f407xx.o(RESET)
 <LI><a href="#[5d]">__main</a> from entry.o(.ARM.Collect$$$$00000000) referenced from startup_stm32f407xx.o(.text)
 <LI><a href="#[5b]">main</a> from main.o(i.main) referenced from entry9a.o(.ARM.Collect$$$$0000000B)
 <LI><a href="#[68]">prvIdleTask</a> from tasks.o(i.prvIdleTask) referenced from tasks.o(i.vTaskStartScheduler)
 <LI><a href="#[67]">prvTaskExitError</a> from port.o(i.prvTaskExitError) referenced from port.o(i.pxPortInitialiseStack)
</UL>
<P>
<H3>
Global Symbols
</H3>
<P><STRONG><a name="[5d]"></a>__main</STRONG> (Thumb, 0 bytes, Stack size unknown bytes, entry.o(.ARM.Collect$$$$00000000))
<BR>[Address Reference Count : 1]<UL><LI> startup_stm32f407xx.o(.text)
</UL>
<P><STRONG><a name="[218]"></a>_main_stk</STRONG> (Thumb, 0 bytes, Stack size unknown bytes, entry2.o(.ARM.Collect$$$$00000001))

<P><STRONG><a name="[6e]"></a>_main_scatterload</STRONG> (Thumb, 0 bytes, Stack size unknown bytes, entry5.o(.ARM.Collect$$$$00000004))
<BR><BR>[Calls]<UL><LI><a href="#[6f]">&gt;&gt;</a>&nbsp;&nbsp;&nbsp;__scatterload
</UL>

<P><STRONG><a name="[81]"></a>__main_after_scatterload</STRONG> (Thumb, 0 bytes, Stack size unknown bytes, entry5.o(.ARM.Collect$$$$00000004))
<BR><BR>[Called By]<UL><LI><a href="#[6f]">&gt;&gt;</a>&nbsp;&nbsp;&nbsp;__scatterload
</UL>

<P><STRONG><a name="[219]"></a>_main_clock</STRONG> (Thumb, 0 bytes, Stack size unknown bytes, entry7b.o(.ARM.Collect$$$$00000008))

<P><STRONG><a name="[21a]"></a>_main_cpp_init</STRONG> (Thumb, 0 bytes, Stack size unknown bytes, entry8b.o(.ARM.Collect$$$$0000000A))

<P><STRONG><a name="[21b]"></a>_main_init</STRONG> (Thumb, 0 bytes, Stack size unknown bytes, entry9a.o(.ARM.Collect$$$$0000000B))

<P><STRONG><a name="[21c]"></a>__rt_final_cpp</STRONG> (Thumb, 0 bytes, Stack size unknown bytes, entry10a.o(.ARM.Collect$$$$0000000D))

<P><STRONG><a name="[21d]"></a>__rt_final_exit</STRONG> (Thumb, 0 bytes, Stack size unknown bytes, entry11a.o(.ARM.Collect$$$$0000000F))

<P><STRONG><a name="[6]"></a>SVC_Handler</STRONG> (Thumb, 28 bytes, Stack size 0 bytes, port.o(.emb_text))
<BR>[Address Reference Count : 1]<UL><LI> startup_stm32f407xx.o(RESET)
</UL>
<P><STRONG><a name="[216]"></a>__asm___6_port_c_39a90d8d__prvStartFirstTask</STRONG> (Thumb, 36 bytes, Stack size 0 bytes, port.o(.emb_text))
<BR><BR>[Called By]<UL><LI><a href="#[213]">&gt;&gt;</a>&nbsp;&nbsp;&nbsp;xPortStartScheduler
</UL>

<P><STRONG><a name="[215]"></a>__asm___6_port_c_39a90d8d__prvEnableVFP</STRONG> (Thumb, 16 bytes, Stack size 0 bytes, port.o(.emb_text))
<BR><BR>[Called By]<UL><LI><a href="#[213]">&gt;&gt;</a>&nbsp;&nbsp;&nbsp;xPortStartScheduler
</UL>

<P><STRONG><a name="[8]"></a>PendSV_Handler</STRONG> (Thumb, 88 bytes, Stack size 0 bytes, port.o(.emb_text))
<BR><BR>[Calls]<UL><LI><a href="#[70]">&gt;&gt;</a>&nbsp;&nbsp;&nbsp;vTaskSwitchContext
</UL>
<BR>[Address Reference Count : 1]<UL><LI> startup_stm32f407xx.o(RESET)
</UL>
<P><STRONG><a name="[21e]"></a>vPortGetIPSR</STRONG> (Thumb, 6 bytes, Stack size 0 bytes, port.o(.emb_text), UNUSED)

<P><STRONG><a name="[0]"></a>Reset_Handler</STRONG> (Thumb, 8 bytes, Stack size 0 bytes, startup_stm32f407xx.o(.text))
<BR>[Address Reference Count : 1]<UL><LI> startup_stm32f407xx.o(RESET)
</UL>
<P><STRONG><a name="[1c]"></a>ADC_IRQHandler</STRONG> (Thumb, 0 bytes, Stack size 0 bytes, startup_stm32f407xx.o(.text))
<BR><BR>[Calls]<UL><LI><a href="#[1c]">&gt;&gt;</a>&nbsp;&nbsp;&nbsp;ADC_IRQHandler
</UL>
<BR>[Called By]<UL><LI><a href="#[1c]">&gt;&gt;</a>&nbsp;&nbsp;&nbsp;ADC_IRQHandler
</UL>
<BR>[Address Reference Count : 1]<UL><LI> startup_stm32f407xx.o(RESET)
</UL>
<P><STRONG><a name="[1d]"></a>CAN1_TX_IRQHandler</STRONG> (Thumb, 0 bytes, Stack size 0 bytes, startup_stm32f407xx.o(.text))
<BR>[Address Reference Count : 1]<UL><LI> startup_stm32f407xx.o(RESET)
</UL>
<P><STRONG><a name="[49]"></a>CAN2_TX_IRQHandler</STRONG> (Thumb, 0 bytes, Stack size 0 bytes, startup_stm32f407xx.o(.text))
<BR>[Address Reference Count : 1]<UL><LI> startup_stm32f407xx.o(RESET)
</UL>
<P><STRONG><a name="[58]"></a>DCMI_IRQHandler</STRONG> (Thumb, 0 bytes, Stack size 0 bytes, startup_stm32f407xx.o(.text))
<BR>[Address Reference Count : 1]<UL><LI> startup_stm32f407xx.o(RESET)
</UL>
<P><STRONG><a name="[15]"></a>DMA1_Stream0_IRQHandler</STRONG> (Thumb, 0 bytes, Stack size 0 bytes, startup_stm32f407xx.o(.text))
<BR>[Address Reference Count : 1]<UL><LI> startup_stm32f407xx.o(RESET)
</UL>
<P><STRONG><a name="[17]"></a>DMA1_Stream2_IRQHandler</STRONG> (Thumb, 0 bytes, Stack size 0 bytes, startup_stm32f407xx.o(.text))
<BR>[Address Reference Count : 1]<UL><LI> startup_stm32f407xx.o(RESET)
</UL>
<P><STRONG><a name="[18]"></a>DMA1_Stream3_IRQHandler</STRONG> (Thumb, 0 bytes, Stack size 0 bytes, startup_stm32f407xx.o(.text))
<BR>[Address Reference Count : 1]<UL><LI> startup_stm32f407xx.o(RESET)
</UL>
<P><STRONG><a name="[19]"></a>DMA1_Stream4_IRQHandler</STRONG> (Thumb, 0 bytes, Stack size 0 bytes, startup_stm32f407xx.o(.text))
<BR>[Address Reference Count : 1]<UL><LI> startup_stm32f407xx.o(RESET)
</UL>
<P><STRONG><a name="[1a]"></a>DMA1_Stream5_IRQHandler</STRONG> (Thumb, 0 bytes, Stack size 0 bytes, startup_stm32f407xx.o(.text))
<BR>[Address Reference Count : 1]<UL><LI> startup_stm32f407xx.o(RESET)
</UL>
<P><STRONG><a name="[1b]"></a>DMA1_Stream6_IRQHandler</STRONG> (Thumb, 0 bytes, Stack size 0 bytes, startup_stm32f407xx.o(.text))
<BR>[Address Reference Count : 1]<UL><LI> startup_stm32f407xx.o(RESET)
</UL>
<P><STRONG><a name="[39]"></a>DMA1_Stream7_IRQHandler</STRONG> (Thumb, 0 bytes, Stack size 0 bytes, startup_stm32f407xx.o(.text))
<BR>[Address Reference Count : 1]<UL><LI> startup_stm32f407xx.o(RESET)
</UL>
<P><STRONG><a name="[43]"></a>DMA2_Stream1_IRQHandler</STRONG> (Thumb, 0 bytes, Stack size 0 bytes, startup_stm32f407xx.o(.text))
<BR>[Address Reference Count : 1]<UL><LI> startup_stm32f407xx.o(RESET)
</UL>
<P><STRONG><a name="[46]"></a>DMA2_Stream4_IRQHandler</STRONG> (Thumb, 0 bytes, Stack size 0 bytes, startup_stm32f407xx.o(.text))
<BR>[Address Reference Count : 1]<UL><LI> startup_stm32f407xx.o(RESET)
</UL>
<P><STRONG><a name="[47]"></a>ETH_IRQHandler</STRONG> (Thumb, 0 bytes, Stack size 0 bytes, startup_stm32f407xx.o(.text))
<BR>[Address Reference Count : 1]<UL><LI> startup_stm32f407xx.o(RESET)
</UL>
<P><STRONG><a name="[48]"></a>ETH_WKUP_IRQHandler</STRONG> (Thumb, 0 bytes, Stack size 0 bytes, startup_stm32f407xx.o(.text))
<BR>[Address Reference Count : 1]<UL><LI> startup_stm32f407xx.o(RESET)
</UL>
<P><STRONG><a name="[10]"></a>EXTI0_IRQHandler</STRONG> (Thumb, 0 bytes, Stack size 0 bytes, startup_stm32f407xx.o(.text))
<BR>[Address Reference Count : 1]<UL><LI> startup_stm32f407xx.o(RESET)
</UL>
<P><STRONG><a name="[32]"></a>EXTI15_10_IRQHandler</STRONG> (Thumb, 0 bytes, Stack size 0 bytes, startup_stm32f407xx.o(.text))
<BR>[Address Reference Count : 1]<UL><LI> startup_stm32f407xx.o(RESET)
</UL>
<P><STRONG><a name="[11]"></a>EXTI1_IRQHandler</STRONG> (Thumb, 0 bytes, Stack size 0 bytes, startup_stm32f407xx.o(.text))
<BR>[Address Reference Count : 1]<UL><LI> startup_stm32f407xx.o(RESET)
</UL>
<P><STRONG><a name="[12]"></a>EXTI2_IRQHandler</STRONG> (Thumb, 0 bytes, Stack size 0 bytes, startup_stm32f407xx.o(.text))
<BR>[Address Reference Count : 1]<UL><LI> startup_stm32f407xx.o(RESET)
</UL>
<P><STRONG><a name="[3a]"></a>FMC_IRQHandler</STRONG> (Thumb, 0 bytes, Stack size 0 bytes, startup_stm32f407xx.o(.text))
<BR>[Address Reference Count : 1]<UL><LI> startup_stm32f407xx.o(RESET)
</UL>
<P><STRONG><a name="[5a]"></a>FPU_IRQHandler</STRONG> (Thumb, 0 bytes, Stack size 0 bytes, startup_stm32f407xx.o(.text))
<BR>[Address Reference Count : 1]<UL><LI> startup_stm32f407xx.o(RESET)
</UL>
<P><STRONG><a name="[59]"></a>HASH_RNG_IRQHandler</STRONG> (Thumb, 0 bytes, Stack size 0 bytes, startup_stm32f407xx.o(.text))
<BR>[Address Reference Count : 1]<UL><LI> startup_stm32f407xx.o(RESET)
</UL>
<P><STRONG><a name="[2a]"></a>I2C1_ER_IRQHandler</STRONG> (Thumb, 0 bytes, Stack size 0 bytes, startup_stm32f407xx.o(.text))
<BR>[Address Reference Count : 1]<UL><LI> startup_stm32f407xx.o(RESET)
</UL>
<P><STRONG><a name="[29]"></a>I2C1_EV_IRQHandler</STRONG> (Thumb, 0 bytes, Stack size 0 bytes, startup_stm32f407xx.o(.text))
<BR>[Address Reference Count : 1]<UL><LI> startup_stm32f407xx.o(RESET)
</UL>
<P><STRONG><a name="[2c]"></a>I2C2_ER_IRQHandler</STRONG> (Thumb, 0 bytes, Stack size 0 bytes, startup_stm32f407xx.o(.text))
<BR>[Address Reference Count : 1]<UL><LI> startup_stm32f407xx.o(RESET)
</UL>
<P><STRONG><a name="[2b]"></a>I2C2_EV_IRQHandler</STRONG> (Thumb, 0 bytes, Stack size 0 bytes, startup_stm32f407xx.o(.text))
<BR>[Address Reference Count : 1]<UL><LI> startup_stm32f407xx.o(RESET)
</UL>
<P><STRONG><a name="[53]"></a>I2C3_ER_IRQHandler</STRONG> (Thumb, 0 bytes, Stack size 0 bytes, startup_stm32f407xx.o(.text))
<BR>[Address Reference Count : 1]<UL><LI> startup_stm32f407xx.o(RESET)
</UL>
<P><STRONG><a name="[52]"></a>I2C3_EV_IRQHandler</STRONG> (Thumb, 0 bytes, Stack size 0 bytes, startup_stm32f407xx.o(.text))
<BR>[Address Reference Count : 1]<UL><LI> startup_stm32f407xx.o(RESET)
</UL>
<P><STRONG><a name="[4d]"></a>OTG_FS_IRQHandler</STRONG> (Thumb, 0 bytes, Stack size 0 bytes, startup_stm32f407xx.o(.text))
<BR>[Address Reference Count : 1]<UL><LI> startup_stm32f407xx.o(RESET)
</UL>
<P><STRONG><a name="[34]"></a>OTG_FS_WKUP_IRQHandler</STRONG> (Thumb, 0 bytes, Stack size 0 bytes, startup_stm32f407xx.o(.text))
<BR>[Address Reference Count : 1]<UL><LI> startup_stm32f407xx.o(RESET)
</UL>
<P><STRONG><a name="[55]"></a>OTG_HS_EP1_IN_IRQHandler</STRONG> (Thumb, 0 bytes, Stack size 0 bytes, startup_stm32f407xx.o(.text))
<BR>[Address Reference Count : 1]<UL><LI> startup_stm32f407xx.o(RESET)
</UL>
<P><STRONG><a name="[54]"></a>OTG_HS_EP1_OUT_IRQHandler</STRONG> (Thumb, 0 bytes, Stack size 0 bytes, startup_stm32f407xx.o(.text))
<BR>[Address Reference Count : 1]<UL><LI> startup_stm32f407xx.o(RESET)
</UL>
<P><STRONG><a name="[57]"></a>OTG_HS_IRQHandler</STRONG> (Thumb, 0 bytes, Stack size 0 bytes, startup_stm32f407xx.o(.text))
<BR>[Address Reference Count : 1]<UL><LI> startup_stm32f407xx.o(RESET)
</UL>
<P><STRONG><a name="[56]"></a>OTG_HS_WKUP_IRQHandler</STRONG> (Thumb, 0 bytes, Stack size 0 bytes, startup_stm32f407xx.o(.text))
<BR>[Address Reference Count : 1]<UL><LI> startup_stm32f407xx.o(RESET)
</UL>
<P><STRONG><a name="[b]"></a>PVD_IRQHandler</STRONG> (Thumb, 0 bytes, Stack size 0 bytes, startup_stm32f407xx.o(.text))
<BR>[Address Reference Count : 1]<UL><LI> startup_stm32f407xx.o(RESET)
</UL>
<P><STRONG><a name="[f]"></a>RCC_IRQHandler</STRONG> (Thumb, 0 bytes, Stack size 0 bytes, startup_stm32f407xx.o(.text))
<BR>[Address Reference Count : 1]<UL><LI> startup_stm32f407xx.o(RESET)
</UL>
<P><STRONG><a name="[33]"></a>RTC_Alarm_IRQHandler</STRONG> (Thumb, 0 bytes, Stack size 0 bytes, startup_stm32f407xx.o(.text))
<BR>[Address Reference Count : 1]<UL><LI> startup_stm32f407xx.o(RESET)
</UL>
<P><STRONG><a name="[d]"></a>RTC_WKUP_IRQHandler</STRONG> (Thumb, 0 bytes, Stack size 0 bytes, startup_stm32f407xx.o(.text))
<BR>[Address Reference Count : 1]<UL><LI> startup_stm32f407xx.o(RESET)
</UL>
<P><STRONG><a name="[3b]"></a>SDIO_IRQHandler</STRONG> (Thumb, 0 bytes, Stack size 0 bytes, startup_stm32f407xx.o(.text))
<BR>[Address Reference Count : 1]<UL><LI> startup_stm32f407xx.o(RESET)
</UL>
<P><STRONG><a name="[3d]"></a>SPI3_IRQHandler</STRONG> (Thumb, 0 bytes, Stack size 0 bytes, startup_stm32f407xx.o(.text))
<BR>[Address Reference Count : 1]<UL><LI> startup_stm32f407xx.o(RESET)
</UL>
<P><STRONG><a name="[c]"></a>TAMP_STAMP_IRQHandler</STRONG> (Thumb, 0 bytes, Stack size 0 bytes, startup_stm32f407xx.o(.text))
<BR>[Address Reference Count : 1]<UL><LI> startup_stm32f407xx.o(RESET)
</UL>
<P><STRONG><a name="[22]"></a>TIM1_BRK_TIM9_IRQHandler</STRONG> (Thumb, 0 bytes, Stack size 0 bytes, startup_stm32f407xx.o(.text))
<BR>[Address Reference Count : 1]<UL><LI> startup_stm32f407xx.o(RESET)
</UL>
<P><STRONG><a name="[25]"></a>TIM1_CC_IRQHandler</STRONG> (Thumb, 0 bytes, Stack size 0 bytes, startup_stm32f407xx.o(.text))
<BR>[Address Reference Count : 1]<UL><LI> startup_stm32f407xx.o(RESET)
</UL>
<P><STRONG><a name="[24]"></a>TIM1_TRG_COM_TIM11_IRQHandler</STRONG> (Thumb, 0 bytes, Stack size 0 bytes, startup_stm32f407xx.o(.text))
<BR>[Address Reference Count : 1]<UL><LI> startup_stm32f407xx.o(RESET)
</UL>
<P><STRONG><a name="[23]"></a>TIM1_UP_TIM10_IRQHandler</STRONG> (Thumb, 0 bytes, Stack size 0 bytes, startup_stm32f407xx.o(.text))
<BR>[Address Reference Count : 1]<UL><LI> startup_stm32f407xx.o(RESET)
</UL>
<P><STRONG><a name="[26]"></a>TIM2_IRQHandler</STRONG> (Thumb, 0 bytes, Stack size 0 bytes, startup_stm32f407xx.o(.text))
<BR>[Address Reference Count : 1]<UL><LI> startup_stm32f407xx.o(RESET)
</UL>
<P><STRONG><a name="[27]"></a>TIM3_IRQHandler</STRONG> (Thumb, 0 bytes, Stack size 0 bytes, startup_stm32f407xx.o(.text))
<BR>[Address Reference Count : 1]<UL><LI> startup_stm32f407xx.o(RESET)
</UL>
<P><STRONG><a name="[28]"></a>TIM4_IRQHandler</STRONG> (Thumb, 0 bytes, Stack size 0 bytes, startup_stm32f407xx.o(.text))
<BR>[Address Reference Count : 1]<UL><LI> startup_stm32f407xx.o(RESET)
</UL>
<P><STRONG><a name="[3c]"></a>TIM5_IRQHandler</STRONG> (Thumb, 0 bytes, Stack size 0 bytes, startup_stm32f407xx.o(.text))
<BR>[Address Reference Count : 1]<UL><LI> startup_stm32f407xx.o(RESET)
</UL>
<P><STRONG><a name="[40]"></a>TIM6_DAC_IRQHandler</STRONG> (Thumb, 0 bytes, Stack size 0 bytes, startup_stm32f407xx.o(.text))
<BR>[Address Reference Count : 1]<UL><LI> startup_stm32f407xx.o(RESET)
</UL>
<P><STRONG><a name="[41]"></a>TIM7_IRQHandler</STRONG> (Thumb, 0 bytes, Stack size 0 bytes, startup_stm32f407xx.o(.text))
<BR>[Address Reference Count : 1]<UL><LI> startup_stm32f407xx.o(RESET)
</UL>
<P><STRONG><a name="[35]"></a>TIM8_BRK_TIM12_IRQHandler</STRONG> (Thumb, 0 bytes, Stack size 0 bytes, startup_stm32f407xx.o(.text))
<BR>[Address Reference Count : 1]<UL><LI> startup_stm32f407xx.o(RESET)
</UL>
<P><STRONG><a name="[38]"></a>TIM8_CC_IRQHandler</STRONG> (Thumb, 0 bytes, Stack size 0 bytes, startup_stm32f407xx.o(.text))
<BR>[Address Reference Count : 1]<UL><LI> startup_stm32f407xx.o(RESET)
</UL>
<P><STRONG><a name="[36]"></a>TIM8_UP_TIM13_IRQHandler</STRONG> (Thumb, 0 bytes, Stack size 0 bytes, startup_stm32f407xx.o(.text))
<BR>[Address Reference Count : 1]<UL><LI> startup_stm32f407xx.o(RESET)
</UL>
<P><STRONG><a name="[3e]"></a>UART4_IRQHandler</STRONG> (Thumb, 0 bytes, Stack size 0 bytes, startup_stm32f407xx.o(.text))
<BR>[Address Reference Count : 1]<UL><LI> startup_stm32f407xx.o(RESET)
</UL>
<P><STRONG><a name="[3f]"></a>UART5_IRQHandler</STRONG> (Thumb, 0 bytes, Stack size 0 bytes, startup_stm32f407xx.o(.text))
<BR>[Address Reference Count : 1]<UL><LI> startup_stm32f407xx.o(RESET)
</UL>
<P><STRONG><a name="[30]"></a>USART2_IRQHandler</STRONG> (Thumb, 0 bytes, Stack size 0 bytes, startup_stm32f407xx.o(.text))
<BR>[Address Reference Count : 1]<UL><LI> startup_stm32f407xx.o(RESET)
</UL>
<P><STRONG><a name="[a]"></a>WWDG_IRQHandler</STRONG> (Thumb, 0 bytes, Stack size 0 bytes, startup_stm32f407xx.o(.text))
<BR>[Address Reference Count : 1]<UL><LI> startup_stm32f407xx.o(RESET)
</UL>
<P><STRONG><a name="[71]"></a>__aeabi_uldivmod</STRONG> (Thumb, 98 bytes, Stack size 40 bytes, uldiv.o(.text))
<BR><BR>[Stack]<UL><LI>Max Depth = 40<LI>Call Chain = __aeabi_uldivmod
</UL>
<BR>[Calls]<UL><LI><a href="#[72]">&gt;&gt;</a>&nbsp;&nbsp;&nbsp;__aeabi_llsr
<LI><a href="#[73]">&gt;&gt;</a>&nbsp;&nbsp;&nbsp;__aeabi_llsl
</UL>
<BR>[Called By]<UL><LI><a href="#[105]">&gt;&gt;</a>&nbsp;&nbsp;&nbsp;DWT_SysTimeUpdate
<LI><a href="#[143]">&gt;&gt;</a>&nbsp;&nbsp;&nbsp;HAL_RCC_GetSysClockFreq
<LI><a href="#[177]">&gt;&gt;</a>&nbsp;&nbsp;&nbsp;UART_SetConfig
</UL>

<P><STRONG><a name="[21f]"></a>___aeabi_memcpy8$move</STRONG> (Thumb, 0 bytes, Stack size 8 bytes, memmovea.o(.text), UNUSED)

<P><STRONG><a name="[99]"></a>__aeabi_memcpy</STRONG> (Thumb, 64 bytes, Stack size 8 bytes, memmovea.o(.text))
<BR><BR>[Stack]<UL><LI>Max Depth = 8<LI>Call Chain = __aeabi_memcpy
</UL>
<BR>[Called By]<UL><LI><a href="#[95]">&gt;&gt;</a>&nbsp;&nbsp;&nbsp;CANFIFOxCallback
<LI><a href="#[1e5]">&gt;&gt;</a>&nbsp;&nbsp;&nbsp;VESC_CANTransmit
</UL>

<P><STRONG><a name="[b9]"></a>__aeabi_memcpy4</STRONG> (Thumb, 0 bytes, Stack size 8 bytes, memmovea.o(.text))
<BR><BR>[Stack]<UL><LI>Max Depth = 8<LI>Call Chain = __aeabi_memcpy4
</UL>
<BR>[Called By]<UL><LI><a href="#[18b]">&gt;&gt;</a>&nbsp;&nbsp;&nbsp;MX_FREERTOS_Init
<LI><a href="#[be]">&gt;&gt;</a>&nbsp;&nbsp;&nbsp;StateEstimator_GetState
<LI><a href="#[b4]">&gt;&gt;</a>&nbsp;&nbsp;&nbsp;SlipDetector_Init
<LI><a href="#[af]">&gt;&gt;</a>&nbsp;&nbsp;&nbsp;MecanumKinematics_Init
<LI><a href="#[c0]">&gt;&gt;</a>&nbsp;&nbsp;&nbsp;ChassisVelocity_GetControllerDebug
<LI><a href="#[b6]">&gt;&gt;</a>&nbsp;&nbsp;&nbsp;ChassisControl_RunVelocityChain
<LI><a href="#[1a6]">&gt;&gt;</a>&nbsp;&nbsp;&nbsp;OSTaskInit
<LI><a href="#[1ce]">&gt;&gt;</a>&nbsp;&nbsp;&nbsp;RPM_CompensationSetParam
<LI><a href="#[8e]">&gt;&gt;</a>&nbsp;&nbsp;&nbsp;OdomXDrive_InitOnce
<LI><a href="#[8d]">&gt;&gt;</a>&nbsp;&nbsp;&nbsp;OdomXDrive_GetDefaultConfig
<LI><a href="#[b8]">&gt;&gt;</a>&nbsp;&nbsp;&nbsp;ChassisFeedback_Get
</UL>

<P><STRONG><a name="[83]"></a>__aeabi_memmove</STRONG> (Thumb, 0 bytes, Stack size 8 bytes, memmovea.o(.text))
<BR><BR>[Stack]<UL><LI>Max Depth = 8<LI>Call Chain = __aeabi_memmove
</UL>
<BR>[Called By]<UL><LI><a href="#[82]">&gt;&gt;</a>&nbsp;&nbsp;&nbsp;AgentRxDiscardPrefix
</UL>

<P><STRONG><a name="[220]"></a>__aeabi_memmove4</STRONG> (Thumb, 0 bytes, Stack size 8 bytes, memmovea.o(.text), UNUSED)

<P><STRONG><a name="[221]"></a>__aeabi_memmove8</STRONG> (Thumb, 0 bytes, Stack size 8 bytes, memmovea.o(.text), UNUSED)

<P><STRONG><a name="[75]"></a>__aeabi_memset</STRONG> (Thumb, 14 bytes, Stack size 0 bytes, memseta.o(.text), UNUSED)
<BR><BR>[Called By]<UL><LI><a href="#[76]">&gt;&gt;</a>&nbsp;&nbsp;&nbsp;memset
<LI><a href="#[74]">&gt;&gt;</a>&nbsp;&nbsp;&nbsp;__aeabi_memclr
</UL>

<P><STRONG><a name="[222]"></a>__aeabi_memset4</STRONG> (Thumb, 0 bytes, Stack size 0 bytes, memseta.o(.text), UNUSED)

<P><STRONG><a name="[223]"></a>__aeabi_memset8</STRONG> (Thumb, 0 bytes, Stack size 0 bytes, memseta.o(.text), UNUSED)

<P><STRONG><a name="[74]"></a>__aeabi_memclr</STRONG> (Thumb, 4 bytes, Stack size 0 bytes, memseta.o(.text), UNUSED)
<BR><BR>[Calls]<UL><LI><a href="#[75]">&gt;&gt;</a>&nbsp;&nbsp;&nbsp;__aeabi_memset
</UL>

<P><STRONG><a name="[ad]"></a>__aeabi_memclr4</STRONG> (Thumb, 0 bytes, Stack size 0 bytes, memseta.o(.text))
<BR><BR>[Called By]<UL><LI><a href="#[12b]">&gt;&gt;</a>&nbsp;&nbsp;&nbsp;HAL_DAC_MspInit
<LI><a href="#[123]">&gt;&gt;</a>&nbsp;&nbsp;&nbsp;HAL_CAN_MspInit
<LI><a href="#[193]">&gt;&gt;</a>&nbsp;&nbsp;&nbsp;MX_TIM10_Init
<LI><a href="#[18d]">&gt;&gt;</a>&nbsp;&nbsp;&nbsp;MX_GPIO_Init
<LI><a href="#[17b]">&gt;&gt;</a>&nbsp;&nbsp;&nbsp;HWT9053CAN_ProbeInit
<LI><a href="#[1de]">&gt;&gt;</a>&nbsp;&nbsp;&nbsp;SystemClock_Config
<LI><a href="#[1d4]">&gt;&gt;</a>&nbsp;&nbsp;&nbsp;sbus_to_rc
<LI><a href="#[6a]">&gt;&gt;</a>&nbsp;&nbsp;&nbsp;RCLostCallback
<LI><a href="#[1a1]">&gt;&gt;</a>&nbsp;&nbsp;&nbsp;USARTRegister
<LI><a href="#[16e]">&gt;&gt;</a>&nbsp;&nbsp;&nbsp;HAL_UARTEx_RxEventCallback
<LI><a href="#[176]">&gt;&gt;</a>&nbsp;&nbsp;&nbsp;HAL_UART_MspInit
<LI><a href="#[163]">&gt;&gt;</a>&nbsp;&nbsp;&nbsp;HAL_TIM_MspPostInit
<LI><a href="#[154]">&gt;&gt;</a>&nbsp;&nbsp;&nbsp;HAL_TIM_Base_MspInit
<LI><a href="#[153]">&gt;&gt;</a>&nbsp;&nbsp;&nbsp;HAL_SPI_MspInit
<LI><a href="#[d1]">&gt;&gt;</a>&nbsp;&nbsp;&nbsp;StateEstimator_Reset
<LI><a href="#[b3]">&gt;&gt;</a>&nbsp;&nbsp;&nbsp;StateEstimator_Init
<LI><a href="#[b4]">&gt;&gt;</a>&nbsp;&nbsp;&nbsp;SlipDetector_Init
<LI><a href="#[c7]">&gt;&gt;</a>&nbsp;&nbsp;&nbsp;RPM_CompensationReset
<LI><a href="#[b0]">&gt;&gt;</a>&nbsp;&nbsp;&nbsp;RPM_CompensationInit
<LI><a href="#[af]">&gt;&gt;</a>&nbsp;&nbsp;&nbsp;MecanumKinematics_Init
<LI><a href="#[ba]">&gt;&gt;</a>&nbsp;&nbsp;&nbsp;IMUState_Get
<LI><a href="#[bf]">&gt;&gt;</a>&nbsp;&nbsp;&nbsp;ChassisVelocity_Update
<LI><a href="#[ae]">&gt;&gt;</a>&nbsp;&nbsp;&nbsp;ChassisVelocity_Init
<LI><a href="#[b2]">&gt;&gt;</a>&nbsp;&nbsp;&nbsp;ChassisFeedback_Init
<LI><a href="#[ac]">&gt;&gt;</a>&nbsp;&nbsp;&nbsp;ChassisControl_Init
<LI><a href="#[1d6]">&gt;&gt;</a>&nbsp;&nbsp;&nbsp;VESCMotorInit
<LI><a href="#[e0]">&gt;&gt;</a>&nbsp;&nbsp;&nbsp;ChassisRPMCalibration_Init
<LI><a href="#[1ce]">&gt;&gt;</a>&nbsp;&nbsp;&nbsp;RPM_CompensationSetParam
<LI><a href="#[1cd]">&gt;&gt;</a>&nbsp;&nbsp;&nbsp;RPM_ResetWheelState
<LI><a href="#[1a8]">&gt;&gt;</a>&nbsp;&nbsp;&nbsp;OdomXDrive_ResetAllWithImuZero
<LI><a href="#[8e]">&gt;&gt;</a>&nbsp;&nbsp;&nbsp;OdomXDrive_InitOnce
<LI><a href="#[da]">&gt;&gt;</a>&nbsp;&nbsp;&nbsp;HWT9053CAN_GetHeading
<LI><a href="#[dc]">&gt;&gt;</a>&nbsp;&nbsp;&nbsp;TaskInit
<LI><a href="#[c6]">&gt;&gt;</a>&nbsp;&nbsp;&nbsp;ChassisVelocity_Stop
<LI><a href="#[1e5]">&gt;&gt;</a>&nbsp;&nbsp;&nbsp;VESC_CANTransmit
</UL>

<P><STRONG><a name="[224]"></a>__aeabi_memclr8</STRONG> (Thumb, 0 bytes, Stack size 0 bytes, memseta.o(.text), UNUSED)

<P><STRONG><a name="[76]"></a>memset</STRONG> (Thumb, 18 bytes, Stack size 8 bytes, memseta.o(.text), UNUSED)
<BR><BR>[Calls]<UL><LI><a href="#[75]">&gt;&gt;</a>&nbsp;&nbsp;&nbsp;__aeabi_memset
</UL>

<P><STRONG><a name="[a3]"></a>strcmp</STRONG> (Thumb, 28 bytes, Stack size 8 bytes, strcmp.o(.text))
<BR><BR>[Stack]<UL><LI>Max Depth = 8<LI>Call Chain = strcmp
</UL>
<BR>[Called By]<UL><LI><a href="#[9f]">&gt;&gt;</a>&nbsp;&nbsp;&nbsp;CalibrationLineEquals
</UL>

<P><STRONG><a name="[a1]"></a>strncmp</STRONG> (Thumb, 30 bytes, Stack size 12 bytes, strncmp.o(.text))
<BR><BR>[Stack]<UL><LI>Max Depth = 12<LI>Call Chain = strncmp
</UL>
<BR>[Called By]<UL><LI><a href="#[a2]">&gt;&gt;</a>&nbsp;&nbsp;&nbsp;CalibrationParseSetRPM
<LI><a href="#[9e]">&gt;&gt;</a>&nbsp;&nbsp;&nbsp;CalibrationDispatchLine
</UL>

<P><STRONG><a name="[77]"></a>strtol</STRONG> (Thumb, 112 bytes, Stack size 32 bytes, strtol.o(.text))
<BR><BR>[Stack]<UL><LI>Max Depth = 72<LI>Call Chain = strtol &rArr; _strtoul
</UL>
<BR>[Calls]<UL><LI><a href="#[79]">&gt;&gt;</a>&nbsp;&nbsp;&nbsp;_strtoul
<LI><a href="#[7a]">&gt;&gt;</a>&nbsp;&nbsp;&nbsp;__aeabi_errno_addr
<LI><a href="#[78]">&gt;&gt;</a>&nbsp;&nbsp;&nbsp;__rt_ctype_table
</UL>
<BR>[Called By]<UL><LI><a href="#[a2]">&gt;&gt;</a>&nbsp;&nbsp;&nbsp;CalibrationParseSetRPM
</UL>

<P><STRONG><a name="[7b]"></a>__aeabi_dmul</STRONG> (Thumb, 228 bytes, Stack size 48 bytes, dmul.o(.text))
<BR><BR>[Stack]<UL><LI>Max Depth = 88<LI>Call Chain = __aeabi_dmul &rArr; _double_epilogue &rArr; _double_round
</UL>
<BR>[Calls]<UL><LI><a href="#[7c]">&gt;&gt;</a>&nbsp;&nbsp;&nbsp;_double_epilogue
</UL>
<BR>[Called By]<UL><LI><a href="#[1b8]">&gt;&gt;</a>&nbsp;&nbsp;&nbsp;OmniControl
</UL>

<P><STRONG><a name="[1bc]"></a>__aeabi_f2d</STRONG> (Thumb, 38 bytes, Stack size 0 bytes, f2d.o(.text))
<BR><BR>[Called By]<UL><LI><a href="#[1b8]">&gt;&gt;</a>&nbsp;&nbsp;&nbsp;OmniControl
</UL>

<P><STRONG><a name="[7d]"></a>__aeabi_d2f</STRONG> (Thumb, 56 bytes, Stack size 8 bytes, d2f.o(.text))
<BR><BR>[Stack]<UL><LI>Max Depth = 8<LI>Call Chain = __aeabi_d2f
</UL>
<BR>[Calls]<UL><LI><a href="#[7e]">&gt;&gt;</a>&nbsp;&nbsp;&nbsp;_float_round
</UL>
<BR>[Called By]<UL><LI><a href="#[1b8]">&gt;&gt;</a>&nbsp;&nbsp;&nbsp;OmniControl
</UL>

<P><STRONG><a name="[73]"></a>__aeabi_llsl</STRONG> (Thumb, 30 bytes, Stack size 0 bytes, llshl.o(.text))
<BR><BR>[Called By]<UL><LI><a href="#[7c]">&gt;&gt;</a>&nbsp;&nbsp;&nbsp;_double_epilogue
<LI><a href="#[71]">&gt;&gt;</a>&nbsp;&nbsp;&nbsp;__aeabi_uldivmod
</UL>

<P><STRONG><a name="[225]"></a>_ll_shift_l</STRONG> (Thumb, 0 bytes, Stack size 0 bytes, llshl.o(.text), UNUSED)

<P><STRONG><a name="[72]"></a>__aeabi_llsr</STRONG> (Thumb, 32 bytes, Stack size 0 bytes, llushr.o(.text))
<BR><BR>[Called By]<UL><LI><a href="#[7c]">&gt;&gt;</a>&nbsp;&nbsp;&nbsp;_double_epilogue
<LI><a href="#[71]">&gt;&gt;</a>&nbsp;&nbsp;&nbsp;__aeabi_uldivmod
</UL>

<P><STRONG><a name="[226]"></a>_ll_ushift_r</STRONG> (Thumb, 0 bytes, Stack size 0 bytes, llushr.o(.text), UNUSED)

<P><STRONG><a name="[78]"></a>__rt_ctype_table</STRONG> (Thumb, 4 bytes, Stack size 0 bytes, ctype_o.o(.text))
<BR><BR>[Called By]<UL><LI><a href="#[77]">&gt;&gt;</a>&nbsp;&nbsp;&nbsp;strtol
</UL>

<P><STRONG><a name="[79]"></a>_strtoul</STRONG> (Thumb, 158 bytes, Stack size 40 bytes, _strtoul.o(.text))
<BR><BR>[Stack]<UL><LI>Max Depth = 40<LI>Call Chain = _strtoul
</UL>
<BR>[Calls]<UL><LI><a href="#[7f]">&gt;&gt;</a>&nbsp;&nbsp;&nbsp;_chval
<LI><a href="#[7a]">&gt;&gt;</a>&nbsp;&nbsp;&nbsp;__aeabi_errno_addr
</UL>
<BR>[Called By]<UL><LI><a href="#[77]">&gt;&gt;</a>&nbsp;&nbsp;&nbsp;strtol
</UL>

<P><STRONG><a name="[227]"></a>__I$use$fp</STRONG> (Thumb, 0 bytes, Stack size 0 bytes, iusefp.o(.text), UNUSED)

<P><STRONG><a name="[7e]"></a>_float_round</STRONG> (Thumb, 18 bytes, Stack size 0 bytes, fepilogue.o(.text))
<BR><BR>[Called By]<UL><LI><a href="#[7d]">&gt;&gt;</a>&nbsp;&nbsp;&nbsp;__aeabi_d2f
</UL>

<P><STRONG><a name="[228]"></a>_float_epilogue</STRONG> (Thumb, 92 bytes, Stack size 4 bytes, fepilogue.o(.text), UNUSED)

<P><STRONG><a name="[80]"></a>_double_round</STRONG> (Thumb, 30 bytes, Stack size 8 bytes, depilogue.o(.text))
<BR><BR>[Stack]<UL><LI>Max Depth = 8<LI>Call Chain = _double_round
</UL>
<BR>[Called By]<UL><LI><a href="#[7c]">&gt;&gt;</a>&nbsp;&nbsp;&nbsp;_double_epilogue
</UL>

<P><STRONG><a name="[7c]"></a>_double_epilogue</STRONG> (Thumb, 156 bytes, Stack size 32 bytes, depilogue.o(.text))
<BR><BR>[Stack]<UL><LI>Max Depth = 40<LI>Call Chain = _double_epilogue &rArr; _double_round
</UL>
<BR>[Calls]<UL><LI><a href="#[72]">&gt;&gt;</a>&nbsp;&nbsp;&nbsp;__aeabi_llsr
<LI><a href="#[73]">&gt;&gt;</a>&nbsp;&nbsp;&nbsp;__aeabi_llsl
<LI><a href="#[80]">&gt;&gt;</a>&nbsp;&nbsp;&nbsp;_double_round
</UL>
<BR>[Called By]<UL><LI><a href="#[7b]">&gt;&gt;</a>&nbsp;&nbsp;&nbsp;__aeabi_dmul
</UL>

<P><STRONG><a name="[6f]"></a>__scatterload</STRONG> (Thumb, 28 bytes, Stack size 0 bytes, init.o(.text))
<BR><BR>[Calls]<UL><LI><a href="#[81]">&gt;&gt;</a>&nbsp;&nbsp;&nbsp;__main_after_scatterload
</UL>
<BR>[Called By]<UL><LI><a href="#[6e]">&gt;&gt;</a>&nbsp;&nbsp;&nbsp;_main_scatterload
</UL>

<P><STRONG><a name="[229]"></a>__scatterload_rt2</STRONG> (Thumb, 0 bytes, Stack size 0 bytes, init.o(.text), UNUSED)

<P><STRONG><a name="[7f]"></a>_chval</STRONG> (Thumb, 28 bytes, Stack size 0 bytes, _chval.o(.text))
<BR><BR>[Called By]<UL><LI><a href="#[79]">&gt;&gt;</a>&nbsp;&nbsp;&nbsp;_strtoul
</UL>

<P><STRONG><a name="[22a]"></a>__decompress</STRONG> (Thumb, 0 bytes, Stack size unknown bytes, __dczerorl.o(.text), UNUSED)

<P><STRONG><a name="[22b]"></a>__decompress0</STRONG> (Thumb, 58 bytes, Stack size unknown bytes, __dczerorl.o(.text), UNUSED)

<P><STRONG><a name="[91]"></a>BSPInit</STRONG> (Thumb, 6 bytes, Stack size 0 bytes, drv_init.o(i.BSPInit))
<BR><BR>[Stack]<UL><LI>Max Depth = 8<LI>Call Chain = BSPInit &rArr; DWT_Init &rArr; DWT_CNT_Update
</UL>
<BR>[Calls]<UL><LI><a href="#[92]">&gt;&gt;</a>&nbsp;&nbsp;&nbsp;DWT_Init
</UL>
<BR>[Called By]<UL><LI><a href="#[1d5]">&gt;&gt;</a>&nbsp;&nbsp;&nbsp;RobotInit
</UL>

<P><STRONG><a name="[4]"></a>BusFault_Handler</STRONG> (Thumb, 2 bytes, Stack size 0 bytes, stm32f4xx_it.o(i.BusFault_Handler))
<BR><BR>[Calls]<UL><LI><a href="#[4]">&gt;&gt;</a>&nbsp;&nbsp;&nbsp;BusFault_Handler
</UL>
<BR>[Called By]<UL><LI><a href="#[4]">&gt;&gt;</a>&nbsp;&nbsp;&nbsp;BusFault_Handler
</UL>
<BR>[Address Reference Count : 1]<UL><LI> startup_stm32f407xx.o(RESET)
</UL>
<P><STRONG><a name="[1e]"></a>CAN1_RX0_IRQHandler</STRONG> (Thumb, 6 bytes, Stack size 0 bytes, stm32f4xx_it.o(i.CAN1_RX0_IRQHandler))
<BR><BR>[Stack]<UL><LI>Max Depth = 248<LI>Call Chain = CAN1_RX0_IRQHandler &rArr; HAL_CAN_IRQHandler &rArr; HAL_CAN_RxFifo1MsgPendingCallback &rArr; CANDispatchRxFifo1 &rArr; CANFIFOxCallback &rArr; VESCMotorProcessCANRx &rArr; DWT_GetTimeline_ms &rArr; DWT_SysTimeUpdate &rArr; __aeabi_uldivmod
</UL>
<BR>[Calls]<UL><LI><a href="#[93]">&gt;&gt;</a>&nbsp;&nbsp;&nbsp;HAL_CAN_IRQHandler
</UL>
<BR>[Address Reference Count : 1]<UL><LI> startup_stm32f407xx.o(RESET)
</UL>
<P><STRONG><a name="[1f]"></a>CAN1_RX1_IRQHandler</STRONG> (Thumb, 6 bytes, Stack size 0 bytes, stm32f4xx_it.o(i.CAN1_RX1_IRQHandler))
<BR><BR>[Stack]<UL><LI>Max Depth = 248<LI>Call Chain = CAN1_RX1_IRQHandler &rArr; HAL_CAN_IRQHandler &rArr; HAL_CAN_RxFifo1MsgPendingCallback &rArr; CANDispatchRxFifo1 &rArr; CANFIFOxCallback &rArr; VESCMotorProcessCANRx &rArr; DWT_GetTimeline_ms &rArr; DWT_SysTimeUpdate &rArr; __aeabi_uldivmod
</UL>
<BR>[Calls]<UL><LI><a href="#[93]">&gt;&gt;</a>&nbsp;&nbsp;&nbsp;HAL_CAN_IRQHandler
</UL>
<BR>[Address Reference Count : 1]<UL><LI> startup_stm32f407xx.o(RESET)
</UL>
<P><STRONG><a name="[20]"></a>CAN1_SCE_IRQHandler</STRONG> (Thumb, 6 bytes, Stack size 0 bytes, stm32f4xx_it.o(i.CAN1_SCE_IRQHandler))
<BR><BR>[Stack]<UL><LI>Max Depth = 248<LI>Call Chain = CAN1_SCE_IRQHandler &rArr; HAL_CAN_IRQHandler &rArr; HAL_CAN_RxFifo1MsgPendingCallback &rArr; CANDispatchRxFifo1 &rArr; CANFIFOxCallback &rArr; VESCMotorProcessCANRx &rArr; DWT_GetTimeline_ms &rArr; DWT_SysTimeUpdate &rArr; __aeabi_uldivmod
</UL>
<BR>[Calls]<UL><LI><a href="#[93]">&gt;&gt;</a>&nbsp;&nbsp;&nbsp;HAL_CAN_IRQHandler
</UL>
<BR>[Address Reference Count : 1]<UL><LI> startup_stm32f407xx.o(RESET)
</UL>
<P><STRONG><a name="[4a]"></a>CAN2_RX0_IRQHandler</STRONG> (Thumb, 6 bytes, Stack size 0 bytes, stm32f4xx_it.o(i.CAN2_RX0_IRQHandler))
<BR><BR>[Stack]<UL><LI>Max Depth = 248<LI>Call Chain = CAN2_RX0_IRQHandler &rArr; HAL_CAN_IRQHandler &rArr; HAL_CAN_RxFifo1MsgPendingCallback &rArr; CANDispatchRxFifo1 &rArr; CANFIFOxCallback &rArr; VESCMotorProcessCANRx &rArr; DWT_GetTimeline_ms &rArr; DWT_SysTimeUpdate &rArr; __aeabi_uldivmod
</UL>
<BR>[Calls]<UL><LI><a href="#[93]">&gt;&gt;</a>&nbsp;&nbsp;&nbsp;HAL_CAN_IRQHandler
</UL>
<BR>[Address Reference Count : 1]<UL><LI> startup_stm32f407xx.o(RESET)
</UL>
<P><STRONG><a name="[4b]"></a>CAN2_RX1_IRQHandler</STRONG> (Thumb, 6 bytes, Stack size 0 bytes, stm32f4xx_it.o(i.CAN2_RX1_IRQHandler))
<BR><BR>[Stack]<UL><LI>Max Depth = 248<LI>Call Chain = CAN2_RX1_IRQHandler &rArr; HAL_CAN_IRQHandler &rArr; HAL_CAN_RxFifo1MsgPendingCallback &rArr; CANDispatchRxFifo1 &rArr; CANFIFOxCallback &rArr; VESCMotorProcessCANRx &rArr; DWT_GetTimeline_ms &rArr; DWT_SysTimeUpdate &rArr; __aeabi_uldivmod
</UL>
<BR>[Calls]<UL><LI><a href="#[93]">&gt;&gt;</a>&nbsp;&nbsp;&nbsp;HAL_CAN_IRQHandler
</UL>
<BR>[Address Reference Count : 1]<UL><LI> startup_stm32f407xx.o(RESET)
</UL>
<P><STRONG><a name="[4c]"></a>CAN2_SCE_IRQHandler</STRONG> (Thumb, 6 bytes, Stack size 0 bytes, stm32f4xx_it.o(i.CAN2_SCE_IRQHandler))
<BR><BR>[Stack]<UL><LI>Max Depth = 248<LI>Call Chain = CAN2_SCE_IRQHandler &rArr; HAL_CAN_IRQHandler &rArr; HAL_CAN_RxFifo1MsgPendingCallback &rArr; CANDispatchRxFifo1 &rArr; CANFIFOxCallback &rArr; VESCMotorProcessCANRx &rArr; DWT_GetTimeline_ms &rArr; DWT_SysTimeUpdate &rArr; __aeabi_uldivmod
</UL>
<BR>[Calls]<UL><LI><a href="#[93]">&gt;&gt;</a>&nbsp;&nbsp;&nbsp;HAL_CAN_IRQHandler
</UL>
<BR>[Address Reference Count : 1]<UL><LI> startup_stm32f407xx.o(RESET)
</UL>
<P><STRONG><a name="[94]"></a>CANDispatchRxFifo1</STRONG> (Thumb, 20 bytes, Stack size 0 bytes, drv_can.o(i.CANDispatchRxFifo1))
<BR><BR>[Stack]<UL><LI>Max Depth = 160<LI>Call Chain = CANDispatchRxFifo1 &rArr; CANFIFOxCallback &rArr; VESCMotorProcessCANRx &rArr; DWT_GetTimeline_ms &rArr; DWT_SysTimeUpdate &rArr; __aeabi_uldivmod
</UL>
<BR>[Calls]<UL><LI><a href="#[95]">&gt;&gt;</a>&nbsp;&nbsp;&nbsp;CANFIFOxCallback
</UL>
<BR>[Called By]<UL><LI><a href="#[11f]">&gt;&gt;</a>&nbsp;&nbsp;&nbsp;HAL_CAN_RxFifo1MsgPendingCallback
</UL>

<P><STRONG><a name="[9b]"></a>CalculateCurvature</STRONG> (Thumb, 556 bytes, Stack size 128 bytes, path_tracker.o(i.CalculateCurvature))
<BR><BR>[Stack]<UL><LI>Max Depth = 144<LI>Call Chain = CalculateCurvature &rArr; calc_dist &rArr; __hardfp_sqrtf
</UL>
<BR>[Calls]<UL><LI><a href="#[9c]">&gt;&gt;</a>&nbsp;&nbsp;&nbsp;calc_dist
<LI><a href="#[9d]">&gt;&gt;</a>&nbsp;&nbsp;&nbsp;__hardfp_sqrtf
</UL>
<BR>[Called By]<UL><LI><a href="#[1b8]">&gt;&gt;</a>&nbsp;&nbsp;&nbsp;OmniControl
</UL>

<P><STRONG><a name="[a4]"></a>ChassisClearApiCommand</STRONG> (Thumb, 100 bytes, Stack size 24 bytes, chassis.o(i.ChassisClearApiCommand))
<BR><BR>[Stack]<UL><LI>Max Depth = 32<LI>Call Chain = ChassisClearApiCommand &rArr; Chassis_ResetVelocityControl
</UL>
<BR>[Calls]<UL><LI><a href="#[a5]">&gt;&gt;</a>&nbsp;&nbsp;&nbsp;Chassis_ResetVelocityControl
<LI><a href="#[a6]">&gt;&gt;</a>&nbsp;&nbsp;&nbsp;Chassis_ResetRotateRateControl
</UL>
<BR>[Called By]<UL><LI><a href="#[c8]">&gt;&gt;</a>&nbsp;&nbsp;&nbsp;ChassisControl_Update
<LI><a href="#[ea]">&gt;&gt;</a>&nbsp;&nbsp;&nbsp;OmniCalculate
<LI><a href="#[e7]">&gt;&gt;</a>&nbsp;&nbsp;&nbsp;ChassisStopCommand
<LI><a href="#[e4]">&gt;&gt;</a>&nbsp;&nbsp;&nbsp;ChassisRotateInPlace
<LI><a href="#[dd]">&gt;&gt;</a>&nbsp;&nbsp;&nbsp;ChassisMoveByAngleAndDistance
<LI><a href="#[cb]">&gt;&gt;</a>&nbsp;&nbsp;&nbsp;Nx16ProcessPendingCommand
</UL>

<P><STRONG><a name="[1a5]"></a>ChassisControl_ClearRemoteOverrideLatch</STRONG> (Thumb, 14 bytes, Stack size 0 bytes, chassis_control.o(i.ChassisControl_ClearRemoteOverrideLatch))
<BR><BR>[Called By]<UL><LI><a href="#[1a3]">&gt;&gt;</a>&nbsp;&nbsp;&nbsp;Nx16ResetProtocolState
</UL>

<P><STRONG><a name="[1d7]"></a>ChassisControl_GetMode</STRONG> (Thumb, 6 bytes, Stack size 0 bytes, chassis_control.o(i.ChassisControl_GetMode))
<BR><BR>[Called By]<UL><LI><a href="#[10e]">&gt;&gt;</a>&nbsp;&nbsp;&nbsp;SendStatusAndOdometryToAgent
</UL>

<P><STRONG><a name="[ac]"></a>ChassisControl_Init</STRONG> (Thumb, 402 bytes, Stack size 216 bytes, chassis_control.o(i.ChassisControl_Init))
<BR><BR>[Stack]<UL><LI>Max Depth = 280<LI>Call Chain = ChassisControl_Init &rArr; RPM_CompensationInit &rArr; RPM_CompensationSetParam &rArr; RPM_ParametersValid &rArr; RPM_AllWheelValuesFiniteAndPositive
</UL>
<BR>[Calls]<UL><LI><a href="#[b3]">&gt;&gt;</a>&nbsp;&nbsp;&nbsp;StateEstimator_Init
<LI><a href="#[b4]">&gt;&gt;</a>&nbsp;&nbsp;&nbsp;SlipDetector_Init
<LI><a href="#[b0]">&gt;&gt;</a>&nbsp;&nbsp;&nbsp;RPM_CompensationInit
<LI><a href="#[af]">&gt;&gt;</a>&nbsp;&nbsp;&nbsp;MecanumKinematics_Init
<LI><a href="#[b1]">&gt;&gt;</a>&nbsp;&nbsp;&nbsp;IMUState_Init
<LI><a href="#[ae]">&gt;&gt;</a>&nbsp;&nbsp;&nbsp;ChassisVelocity_Init
<LI><a href="#[b2]">&gt;&gt;</a>&nbsp;&nbsp;&nbsp;ChassisFeedback_Init
<LI><a href="#[ad]">&gt;&gt;</a>&nbsp;&nbsp;&nbsp;__aeabi_memclr4
</UL>
<BR>[Called By]<UL><LI><a href="#[1d5]">&gt;&gt;</a>&nbsp;&nbsp;&nbsp;RobotInit
</UL>

<P><STRONG><a name="[1a2]"></a>ChassisControl_RemoteOwnsControl</STRONG> (Thumb, 6 bytes, Stack size 0 bytes, chassis_control.o(i.ChassisControl_RemoteOwnsControl))
<BR><BR>[Called By]<UL><LI><a href="#[cb]">&gt;&gt;</a>&nbsp;&nbsp;&nbsp;Nx16ProcessPendingCommand
</UL>

<P><STRONG><a name="[ab]"></a>ChassisControl_RequestLegacyMode</STRONG> (Thumb, 20 bytes, Stack size 8 bytes, chassis_control.o(i.ChassisControl_RequestLegacyMode))
<BR><BR>[Stack]<UL><LI>Max Depth = 24<LI>Call Chain = ChassisControl_RequestLegacyMode &rArr; ChassisControl_StopNewChain &rArr; RPM_CompensationReset
</UL>
<BR>[Calls]<UL><LI><a href="#[b5]">&gt;&gt;</a>&nbsp;&nbsp;&nbsp;ChassisControl_StopNewChain
</UL>
<BR>[Called By]<UL><LI><a href="#[aa]">&gt;&gt;</a>&nbsp;&nbsp;&nbsp;ChassisControl_ExitVelocityMode
<LI><a href="#[cb]">&gt;&gt;</a>&nbsp;&nbsp;&nbsp;Nx16ProcessPendingCommand
</UL>

<P><STRONG><a name="[c8]"></a>ChassisControl_Update</STRONG> (Thumb, 306 bytes, Stack size 24 bytes, chassis_control.o(i.ChassisControl_Update))
<BR><BR>[Stack]<UL><LI>Max Depth = 404<LI>Call Chain = ChassisControl_Update &rArr; Nx16ProcessPendingCommand &rArr; ChassisStopCommand &rArr; FinishTask &rArr; SendStatusAndOdometryToAgent &rArr; AgentTxWrite &rArr; AgentTxKick &rArr; HAL_UART_Transmit_DMA &rArr; HAL_DMA_Start_IT &rArr; DMA_SetConfig
</UL>
<BR>[Calls]<UL><LI><a href="#[d1]">&gt;&gt;</a>&nbsp;&nbsp;&nbsp;StateEstimator_Reset
<LI><a href="#[d2]">&gt;&gt;</a>&nbsp;&nbsp;&nbsp;SlipDetector_Reset
<LI><a href="#[ce]">&gt;&gt;</a>&nbsp;&nbsp;&nbsp;ChassisVelocity_RefreshCommand
<LI><a href="#[cc]">&gt;&gt;</a>&nbsp;&nbsp;&nbsp;ChassisVelocity_IsControlRequested
<LI><a href="#[cf]">&gt;&gt;</a>&nbsp;&nbsp;&nbsp;ChassisVelocity_GetCommandAgeMs
<LI><a href="#[c9]">&gt;&gt;</a>&nbsp;&nbsp;&nbsp;ChassisFeedback_Update
<LI><a href="#[ca]">&gt;&gt;</a>&nbsp;&nbsp;&nbsp;ChassisControl_UpdateRemoteDebug
<LI><a href="#[d0]">&gt;&gt;</a>&nbsp;&nbsp;&nbsp;ChassisControl_SerialVelocityAllowed
<LI><a href="#[b6]">&gt;&gt;</a>&nbsp;&nbsp;&nbsp;ChassisControl_RunVelocityChain
<LI><a href="#[aa]">&gt;&gt;</a>&nbsp;&nbsp;&nbsp;ChassisControl_ExitVelocityMode
<LI><a href="#[c6]">&gt;&gt;</a>&nbsp;&nbsp;&nbsp;ChassisVelocity_Stop
<LI><a href="#[b8]">&gt;&gt;</a>&nbsp;&nbsp;&nbsp;ChassisFeedback_Get
<LI><a href="#[a4]">&gt;&gt;</a>&nbsp;&nbsp;&nbsp;ChassisClearApiCommand
<LI><a href="#[cd]">&gt;&gt;</a>&nbsp;&nbsp;&nbsp;Nx16V2LinkIsAlive
<LI><a href="#[cb]">&gt;&gt;</a>&nbsp;&nbsp;&nbsp;Nx16ProcessPendingCommand
</UL>
<BR>[Called By]<UL><LI><a href="#[e9]">&gt;&gt;</a>&nbsp;&nbsp;&nbsp;ChassisTask
</UL>

<P><STRONG><a name="[b8]"></a>ChassisFeedback_Get</STRONG> (Thumb, 14 bytes, Stack size 0 bytes, chassis_feedback.o(i.ChassisFeedback_Get))
<BR><BR>[Stack]<UL><LI>Max Depth = 8<LI>Call Chain = ChassisFeedback_Get &rArr; __aeabi_memcpy4
</UL>
<BR>[Calls]<UL><LI><a href="#[b9]">&gt;&gt;</a>&nbsp;&nbsp;&nbsp;__aeabi_memcpy4
</UL>
<BR>[Called By]<UL><LI><a href="#[b6]">&gt;&gt;</a>&nbsp;&nbsp;&nbsp;ChassisControl_RunVelocityChain
<LI><a href="#[c8]">&gt;&gt;</a>&nbsp;&nbsp;&nbsp;ChassisControl_Update
<LI><a href="#[10e]">&gt;&gt;</a>&nbsp;&nbsp;&nbsp;SendStatusAndOdometryToAgent
</UL>

<P><STRONG><a name="[b2]"></a>ChassisFeedback_Init</STRONG> (Thumb, 20 bytes, Stack size 8 bytes, chassis_feedback.o(i.ChassisFeedback_Init))
<BR><BR>[Stack]<UL><LI>Max Depth = 8<LI>Call Chain = ChassisFeedback_Init
</UL>
<BR>[Calls]<UL><LI><a href="#[ad]">&gt;&gt;</a>&nbsp;&nbsp;&nbsp;__aeabi_memclr4
</UL>
<BR>[Called By]<UL><LI><a href="#[ac]">&gt;&gt;</a>&nbsp;&nbsp;&nbsp;ChassisControl_Init
</UL>

<P><STRONG><a name="[c9]"></a>ChassisFeedback_Update</STRONG> (Thumb, 332 bytes, Stack size 80 bytes, chassis_feedback.o(i.ChassisFeedback_Update))
<BR><BR>[Stack]<UL><LI>Max Depth = 200<LI>Call Chain = ChassisFeedback_Update &rArr; WheelFeedback_GetRPMWithValidMask &rArr; VESCMotorLogicalFeedbackIsOnline &rArr; VESCMotorFeedbackIsOnline &rArr; DWT_GetTimeline_ms &rArr; DWT_SysTimeUpdate &rArr; __aeabi_uldivmod
</UL>
<BR>[Calls]<UL><LI><a href="#[d8]">&gt;&gt;</a>&nbsp;&nbsp;&nbsp;HAL_GetTick
<LI><a href="#[d4]">&gt;&gt;</a>&nbsp;&nbsp;&nbsp;WheelFeedback_GetRPMWithValidMask
<LI><a href="#[d5]">&gt;&gt;</a>&nbsp;&nbsp;&nbsp;MecanumKinematics_Forward
<LI><a href="#[d6]">&gt;&gt;</a>&nbsp;&nbsp;&nbsp;IMUState_GetGyroZ
<LI><a href="#[d7]">&gt;&gt;</a>&nbsp;&nbsp;&nbsp;ChassisFeedback_LowPass
</UL>
<BR>[Called By]<UL><LI><a href="#[c8]">&gt;&gt;</a>&nbsp;&nbsp;&nbsp;ChassisControl_Update
</UL>

<P><STRONG><a name="[db]"></a>ChassisInit</STRONG> (Thumb, 14 bytes, Stack size 8 bytes, chassis.o(i.ChassisInit))
<BR><BR>[Stack]<UL><LI>Max Depth = 176<LI>Call Chain = ChassisInit &rArr; App_InitOdomOnce &rArr; OdomXDrive_GetDefaultConfig &rArr; __aeabi_memcpy4
</UL>
<BR>[Calls]<UL><LI><a href="#[8c]">&gt;&gt;</a>&nbsp;&nbsp;&nbsp;App_InitOdomOnce
<LI><a href="#[dc]">&gt;&gt;</a>&nbsp;&nbsp;&nbsp;TaskInit
</UL>
<BR>[Called By]<UL><LI><a href="#[1d5]">&gt;&gt;</a>&nbsp;&nbsp;&nbsp;RobotInit
</UL>

<P><STRONG><a name="[dd]"></a>ChassisMoveByAngleAndDistance</STRONG> (Thumb, 166 bytes, Stack size 24 bytes, chassis.o(i.ChassisMoveByAngleAndDistance))
<BR><BR>[Stack]<UL><LI>Max Depth = 144<LI>Call Chain = ChassisMoveByAngleAndDistance &rArr; ChassisClosedLoopFeedbackReady &rArr; VESCMotorAllFeedbackOnline &rArr; VESCMotorLogicalFeedbackIsOnline &rArr; VESCMotorFeedbackIsOnline &rArr; DWT_GetTimeline_ms &rArr; DWT_SysTimeUpdate &rArr; __aeabi_uldivmod
</UL>
<BR>[Calls]<UL><LI><a href="#[df]">&gt;&gt;</a>&nbsp;&nbsp;&nbsp;Chassis_StartPolarMoveTask
<LI><a href="#[de]">&gt;&gt;</a>&nbsp;&nbsp;&nbsp;ChassisSerialControlIsAllowed
<LI><a href="#[a7]">&gt;&gt;</a>&nbsp;&nbsp;&nbsp;ChassisClosedLoopFeedbackReady
<LI><a href="#[a4]">&gt;&gt;</a>&nbsp;&nbsp;&nbsp;ChassisClearApiCommand
</UL>
<BR>[Called By]<UL><LI><a href="#[cb]">&gt;&gt;</a>&nbsp;&nbsp;&nbsp;Nx16ProcessPendingCommand
</UL>

<P><STRONG><a name="[e0]"></a>ChassisRPMCalibration_Init</STRONG> (Thumb, 56 bytes, Stack size 8 bytes, chassis_rpm_calibration.o(i.ChassisRPMCalibration_Init))
<BR><BR>[Stack]<UL><LI>Max Depth = 52<LI>Call Chain = ChassisRPMCalibration_Init &rArr; VESCMotorStopAll &rArr; VESCMotorSetFourRPM &rArr; VESCMotorSetLogicalRPM &rArr; VESC_GetLogicalConfig
</UL>
<BR>[Calls]<UL><LI><a href="#[e1]">&gt;&gt;</a>&nbsp;&nbsp;&nbsp;VESCMotorStopAll
<LI><a href="#[ad]">&gt;&gt;</a>&nbsp;&nbsp;&nbsp;__aeabi_memclr4
</UL>
<BR>[Called By]<UL><LI><a href="#[1d5]">&gt;&gt;</a>&nbsp;&nbsp;&nbsp;RobotInit
</UL>

<P><STRONG><a name="[e2]"></a>ChassisRPMCalibration_TryParse</STRONG> (Thumb, 122 bytes, Stack size 32 bytes, chassis_rpm_calibration.o(i.ChassisRPMCalibration_TryParse))
<BR><BR>[Stack]<UL><LI>Max Depth = 168<LI>Call Chain = ChassisRPMCalibration_TryParse &rArr; CalibrationDispatchLine &rArr; CalibrationParseSetRPM &rArr; strtol &rArr; _strtoul
</UL>
<BR>[Calls]<UL><LI><a href="#[a0]">&gt;&gt;</a>&nbsp;&nbsp;&nbsp;CalibrationSetPending
<LI><a href="#[e3]">&gt;&gt;</a>&nbsp;&nbsp;&nbsp;CalibrationLooksLikeText
<LI><a href="#[9e]">&gt;&gt;</a>&nbsp;&nbsp;&nbsp;CalibrationDispatchLine
</UL>
<BR>[Called By]<UL><LI><a href="#[63]">&gt;&gt;</a>&nbsp;&nbsp;&nbsp;Nx16BufferRxCallback
</UL>

<P><STRONG><a name="[e4]"></a>ChassisRotateInPlace</STRONG> (Thumb, 178 bytes, Stack size 48 bytes, chassis.o(i.ChassisRotateInPlace))
<BR><BR>[Stack]<UL><LI>Max Depth = 168<LI>Call Chain = ChassisRotateInPlace &rArr; ChassisClosedLoopFeedbackReady &rArr; VESCMotorAllFeedbackOnline &rArr; VESCMotorLogicalFeedbackIsOnline &rArr; VESCMotorFeedbackIsOnline &rArr; DWT_GetTimeline_ms &rArr; DWT_SysTimeUpdate &rArr; __aeabi_uldivmod
</UL>
<BR>[Calls]<UL><LI><a href="#[e5]">&gt;&gt;</a>&nbsp;&nbsp;&nbsp;Chassis_SetTaskTimeout
<LI><a href="#[e6]">&gt;&gt;</a>&nbsp;&nbsp;&nbsp;Chassis_ResetRotateControl
<LI><a href="#[de]">&gt;&gt;</a>&nbsp;&nbsp;&nbsp;ChassisSerialControlIsAllowed
<LI><a href="#[d9]">&gt;&gt;</a>&nbsp;&nbsp;&nbsp;ChassisGetHeading
<LI><a href="#[a7]">&gt;&gt;</a>&nbsp;&nbsp;&nbsp;ChassisClosedLoopFeedbackReady
<LI><a href="#[a4]">&gt;&gt;</a>&nbsp;&nbsp;&nbsp;ChassisClearApiCommand
</UL>
<BR>[Called By]<UL><LI><a href="#[cb]">&gt;&gt;</a>&nbsp;&nbsp;&nbsp;Nx16ProcessPendingCommand
</UL>

<P><STRONG><a name="[e7]"></a>ChassisStopCommand</STRONG> (Thumb, 22 bytes, Stack size 8 bytes, chassis.o(i.ChassisStopCommand))
<BR><BR>[Stack]<UL><LI>Max Depth = 308<LI>Call Chain = ChassisStopCommand &rArr; FinishTask &rArr; SendStatusAndOdometryToAgent &rArr; AgentTxWrite &rArr; AgentTxKick &rArr; HAL_UART_Transmit_DMA &rArr; HAL_DMA_Start_IT &rArr; DMA_SetConfig
</UL>
<BR>[Calls]<UL><LI><a href="#[e8]">&gt;&gt;</a>&nbsp;&nbsp;&nbsp;FinishTask
<LI><a href="#[a4]">&gt;&gt;</a>&nbsp;&nbsp;&nbsp;ChassisClearApiCommand
</UL>
<BR>[Called By]<UL><LI><a href="#[cb]">&gt;&gt;</a>&nbsp;&nbsp;&nbsp;Nx16ProcessPendingCommand
</UL>

<P><STRONG><a name="[e9]"></a>ChassisTask</STRONG> (Thumb, 56 bytes, Stack size 8 bytes, chassis.o(i.ChassisTask))
<BR><BR>[Stack]<UL><LI>Max Depth = 548<LI>Call Chain = ChassisTask &rArr; OmniCalculate &rArr; Chassis_UpdateMoveTask &rArr; FinishTask &rArr; SendStatusAndOdometryToAgent &rArr; AgentTxWrite &rArr; AgentTxKick &rArr; HAL_UART_Transmit_DMA &rArr; HAL_DMA_Start_IT &rArr; DMA_SetConfig
</UL>
<BR>[Calls]<UL><LI><a href="#[ec]">&gt;&gt;</a>&nbsp;&nbsp;&nbsp;xTaskGetTickCount
<LI><a href="#[ed]">&gt;&gt;</a>&nbsp;&nbsp;&nbsp;DWT_GetTimeline_us
<LI><a href="#[c8]">&gt;&gt;</a>&nbsp;&nbsp;&nbsp;ChassisControl_Update
<LI><a href="#[ea]">&gt;&gt;</a>&nbsp;&nbsp;&nbsp;OmniCalculate
<LI><a href="#[eb]">&gt;&gt;</a>&nbsp;&nbsp;&nbsp;LimitChassisOutput
<LI><a href="#[ee]">&gt;&gt;</a>&nbsp;&nbsp;&nbsp;IMU_data_send
<LI><a href="#[8f]">&gt;&gt;</a>&nbsp;&nbsp;&nbsp;App_TaskLoop
<LI><a href="#[e1]">&gt;&gt;</a>&nbsp;&nbsp;&nbsp;VESCMotorStopAll
</UL>
<BR>[Called By]<UL><LI><a href="#[6d]">&gt;&gt;</a>&nbsp;&nbsp;&nbsp;StartROBOTTASK
</UL>

<P><STRONG><a name="[cf]"></a>ChassisVelocity_GetCommandAgeMs</STRONG> (Thumb, 22 bytes, Stack size 8 bytes, chassis_velocity.o(i.ChassisVelocity_GetCommandAgeMs))
<BR><BR>[Stack]<UL><LI>Max Depth = 8<LI>Call Chain = ChassisVelocity_GetCommandAgeMs
</UL>
<BR>[Calls]<UL><LI><a href="#[d8]">&gt;&gt;</a>&nbsp;&nbsp;&nbsp;HAL_GetTick
<LI><a href="#[8b]">&gt;&gt;</a>&nbsp;&nbsp;&nbsp;vPortExitCritical
<LI><a href="#[89]">&gt;&gt;</a>&nbsp;&nbsp;&nbsp;vPortEnterCritical
</UL>
<BR>[Called By]<UL><LI><a href="#[c8]">&gt;&gt;</a>&nbsp;&nbsp;&nbsp;ChassisControl_Update
</UL>

<P><STRONG><a name="[c0]"></a>ChassisVelocity_GetControllerDebug</STRONG> (Thumb, 14 bytes, Stack size 0 bytes, chassis_velocity.o(i.ChassisVelocity_GetControllerDebug))
<BR><BR>[Stack]<UL><LI>Max Depth = 8<LI>Call Chain = ChassisVelocity_GetControllerDebug &rArr; __aeabi_memcpy4
</UL>
<BR>[Calls]<UL><LI><a href="#[b9]">&gt;&gt;</a>&nbsp;&nbsp;&nbsp;__aeabi_memcpy4
</UL>
<BR>[Called By]<UL><LI><a href="#[b6]">&gt;&gt;</a>&nbsp;&nbsp;&nbsp;ChassisControl_RunVelocityChain
</UL>

<P><STRONG><a name="[b7]"></a>ChassisVelocity_GetTarget</STRONG> (Thumb, 66 bytes, Stack size 16 bytes, chassis_velocity.o(i.ChassisVelocity_GetTarget))
<BR><BR>[Stack]<UL><LI>Max Depth = 16<LI>Call Chain = ChassisVelocity_GetTarget
</UL>
<BR>[Calls]<UL><LI><a href="#[d8]">&gt;&gt;</a>&nbsp;&nbsp;&nbsp;HAL_GetTick
<LI><a href="#[8b]">&gt;&gt;</a>&nbsp;&nbsp;&nbsp;vPortExitCritical
<LI><a href="#[89]">&gt;&gt;</a>&nbsp;&nbsp;&nbsp;vPortEnterCritical
</UL>
<BR>[Called By]<UL><LI><a href="#[bf]">&gt;&gt;</a>&nbsp;&nbsp;&nbsp;ChassisVelocity_Update
<LI><a href="#[b6]">&gt;&gt;</a>&nbsp;&nbsp;&nbsp;ChassisControl_RunVelocityChain
</UL>

<P><STRONG><a name="[ae]"></a>ChassisVelocity_Init</STRONG> (Thumb, 72 bytes, Stack size 8 bytes, chassis_velocity.o(i.ChassisVelocity_Init))
<BR><BR>[Stack]<UL><LI>Max Depth = 8<LI>Call Chain = ChassisVelocity_Init
</UL>
<BR>[Calls]<UL><LI><a href="#[8b]">&gt;&gt;</a>&nbsp;&nbsp;&nbsp;vPortExitCritical
<LI><a href="#[89]">&gt;&gt;</a>&nbsp;&nbsp;&nbsp;vPortEnterCritical
<LI><a href="#[ad]">&gt;&gt;</a>&nbsp;&nbsp;&nbsp;__aeabi_memclr4
</UL>
<BR>[Called By]<UL><LI><a href="#[ac]">&gt;&gt;</a>&nbsp;&nbsp;&nbsp;ChassisControl_Init
</UL>

<P><STRONG><a name="[cc]"></a>ChassisVelocity_IsControlRequested</STRONG> (Thumb, 18 bytes, Stack size 8 bytes, chassis_velocity.o(i.ChassisVelocity_IsControlRequested))
<BR><BR>[Stack]<UL><LI>Max Depth = 8<LI>Call Chain = ChassisVelocity_IsControlRequested
</UL>
<BR>[Calls]<UL><LI><a href="#[8b]">&gt;&gt;</a>&nbsp;&nbsp;&nbsp;vPortExitCritical
<LI><a href="#[89]">&gt;&gt;</a>&nbsp;&nbsp;&nbsp;vPortEnterCritical
</UL>
<BR>[Called By]<UL><LI><a href="#[c8]">&gt;&gt;</a>&nbsp;&nbsp;&nbsp;ChassisControl_Update
</UL>

<P><STRONG><a name="[f1]"></a>ChassisVelocity_NotifyHeartbeatFromISR</STRONG> (Thumb, 20 bytes, Stack size 8 bytes, chassis_velocity.o(i.ChassisVelocity_NotifyHeartbeatFromISR))
<BR><BR>[Stack]<UL><LI>Max Depth = 8<LI>Call Chain = ChassisVelocity_NotifyHeartbeatFromISR
</UL>
<BR>[Calls]<UL><LI><a href="#[d8]">&gt;&gt;</a>&nbsp;&nbsp;&nbsp;HAL_GetTick
</UL>
<BR>[Called By]<UL><LI><a href="#[1bf]">&gt;&gt;</a>&nbsp;&nbsp;&nbsp;ParseAgentCommandV2
</UL>

<P><STRONG><a name="[ce]"></a>ChassisVelocity_RefreshCommand</STRONG> (Thumb, 28 bytes, Stack size 8 bytes, chassis_velocity.o(i.ChassisVelocity_RefreshCommand))
<BR><BR>[Stack]<UL><LI>Max Depth = 8<LI>Call Chain = ChassisVelocity_RefreshCommand
</UL>
<BR>[Calls]<UL><LI><a href="#[d8]">&gt;&gt;</a>&nbsp;&nbsp;&nbsp;HAL_GetTick
<LI><a href="#[8b]">&gt;&gt;</a>&nbsp;&nbsp;&nbsp;vPortExitCritical
<LI><a href="#[89]">&gt;&gt;</a>&nbsp;&nbsp;&nbsp;vPortEnterCritical
</UL>
<BR>[Called By]<UL><LI><a href="#[c8]">&gt;&gt;</a>&nbsp;&nbsp;&nbsp;ChassisControl_Update
</UL>

<P><STRONG><a name="[c6]"></a>ChassisVelocity_Stop</STRONG> (Thumb, 72 bytes, Stack size 8 bytes, chassis_velocity.o(i.ChassisVelocity_Stop))
<BR><BR>[Stack]<UL><LI>Max Depth = 8<LI>Call Chain = ChassisVelocity_Stop
</UL>
<BR>[Calls]<UL><LI><a href="#[8b]">&gt;&gt;</a>&nbsp;&nbsp;&nbsp;vPortExitCritical
<LI><a href="#[89]">&gt;&gt;</a>&nbsp;&nbsp;&nbsp;vPortEnterCritical
<LI><a href="#[ad]">&gt;&gt;</a>&nbsp;&nbsp;&nbsp;__aeabi_memclr4
</UL>
<BR>[Called By]<UL><LI><a href="#[b5]">&gt;&gt;</a>&nbsp;&nbsp;&nbsp;ChassisControl_StopNewChain
<LI><a href="#[c8]">&gt;&gt;</a>&nbsp;&nbsp;&nbsp;ChassisControl_Update
<LI><a href="#[cb]">&gt;&gt;</a>&nbsp;&nbsp;&nbsp;Nx16ProcessPendingCommand
</UL>

<P><STRONG><a name="[bf]"></a>ChassisVelocity_Update</STRONG> (Thumb, 1006 bytes, Stack size 112 bytes, chassis_velocity.o(i.ChassisVelocity_Update))
<BR><BR>[Stack]<UL><LI>Max Depth = 152<LI>Call Chain = ChassisVelocity_Update &rArr; ChassisVelocity_ClampVector &rArr; __hardfp_sqrtf
</UL>
<BR>[Calls]<UL><LI><a href="#[f4]">&gt;&gt;</a>&nbsp;&nbsp;&nbsp;ChassisVelocity_WrapAngle
<LI><a href="#[f3]">&gt;&gt;</a>&nbsp;&nbsp;&nbsp;ChassisVelocity_IsFinite
<LI><a href="#[f0]">&gt;&gt;</a>&nbsp;&nbsp;&nbsp;ChassisVelocity_ClampVector
<LI><a href="#[f2]">&gt;&gt;</a>&nbsp;&nbsp;&nbsp;ChassisVelocity_Clamp
<LI><a href="#[b7]">&gt;&gt;</a>&nbsp;&nbsp;&nbsp;ChassisVelocity_GetTarget
<LI><a href="#[ad]">&gt;&gt;</a>&nbsp;&nbsp;&nbsp;__aeabi_memclr4
<LI><a href="#[9d]">&gt;&gt;</a>&nbsp;&nbsp;&nbsp;__hardfp_sqrtf
</UL>
<BR>[Called By]<UL><LI><a href="#[b6]">&gt;&gt;</a>&nbsp;&nbsp;&nbsp;ChassisControl_RunVelocityChain
</UL>

<P><STRONG><a name="[f7]"></a>Chassis_SetVelocity</STRONG> (Thumb, 106 bytes, Stack size 32 bytes, chassis_velocity.o(i.Chassis_SetVelocity))
<BR><BR>[Stack]<UL><LI>Max Depth = 32<LI>Call Chain = Chassis_SetVelocity
</UL>
<BR>[Calls]<UL><LI><a href="#[d8]">&gt;&gt;</a>&nbsp;&nbsp;&nbsp;HAL_GetTick
<LI><a href="#[8b]">&gt;&gt;</a>&nbsp;&nbsp;&nbsp;vPortExitCritical
<LI><a href="#[89]">&gt;&gt;</a>&nbsp;&nbsp;&nbsp;vPortEnterCritical
<LI><a href="#[f3]">&gt;&gt;</a>&nbsp;&nbsp;&nbsp;ChassisVelocity_IsFinite
</UL>
<BR>[Called By]<UL><LI><a href="#[cb]">&gt;&gt;</a>&nbsp;&nbsp;&nbsp;Nx16ProcessPendingCommand
</UL>

<P><STRONG><a name="[16]"></a>DMA1_Stream1_IRQHandler</STRONG> (Thumb, 6 bytes, Stack size 0 bytes, stm32f4xx_it.o(i.DMA1_Stream1_IRQHandler))
<BR><BR>[Stack]<UL><LI>Max Depth = 32<LI>Call Chain = DMA1_Stream1_IRQHandler &rArr; HAL_DMA_IRQHandler
</UL>
<BR>[Calls]<UL><LI><a href="#[103]">&gt;&gt;</a>&nbsp;&nbsp;&nbsp;HAL_DMA_IRQHandler
</UL>
<BR>[Address Reference Count : 1]<UL><LI> startup_stm32f407xx.o(RESET)
</UL>
<P><STRONG><a name="[42]"></a>DMA2_Stream0_IRQHandler</STRONG> (Thumb, 6 bytes, Stack size 0 bytes, stm32f4xx_it.o(i.DMA2_Stream0_IRQHandler))
<BR><BR>[Stack]<UL><LI>Max Depth = 32<LI>Call Chain = DMA2_Stream0_IRQHandler &rArr; HAL_DMA_IRQHandler
</UL>
<BR>[Calls]<UL><LI><a href="#[103]">&gt;&gt;</a>&nbsp;&nbsp;&nbsp;HAL_DMA_IRQHandler
</UL>
<BR>[Address Reference Count : 1]<UL><LI> startup_stm32f407xx.o(RESET)
</UL>
<P><STRONG><a name="[44]"></a>DMA2_Stream2_IRQHandler</STRONG> (Thumb, 6 bytes, Stack size 0 bytes, stm32f4xx_it.o(i.DMA2_Stream2_IRQHandler))
<BR><BR>[Stack]<UL><LI>Max Depth = 32<LI>Call Chain = DMA2_Stream2_IRQHandler &rArr; HAL_DMA_IRQHandler
</UL>
<BR>[Calls]<UL><LI><a href="#[103]">&gt;&gt;</a>&nbsp;&nbsp;&nbsp;HAL_DMA_IRQHandler
</UL>
<BR>[Address Reference Count : 1]<UL><LI> startup_stm32f407xx.o(RESET)
</UL>
<P><STRONG><a name="[45]"></a>DMA2_Stream3_IRQHandler</STRONG> (Thumb, 6 bytes, Stack size 0 bytes, stm32f4xx_it.o(i.DMA2_Stream3_IRQHandler))
<BR><BR>[Stack]<UL><LI>Max Depth = 32<LI>Call Chain = DMA2_Stream3_IRQHandler &rArr; HAL_DMA_IRQHandler
</UL>
<BR>[Calls]<UL><LI><a href="#[103]">&gt;&gt;</a>&nbsp;&nbsp;&nbsp;HAL_DMA_IRQHandler
</UL>
<BR>[Address Reference Count : 1]<UL><LI> startup_stm32f407xx.o(RESET)
</UL>
<P><STRONG><a name="[4e]"></a>DMA2_Stream5_IRQHandler</STRONG> (Thumb, 6 bytes, Stack size 0 bytes, stm32f4xx_it.o(i.DMA2_Stream5_IRQHandler))
<BR><BR>[Stack]<UL><LI>Max Depth = 32<LI>Call Chain = DMA2_Stream5_IRQHandler &rArr; HAL_DMA_IRQHandler
</UL>
<BR>[Calls]<UL><LI><a href="#[103]">&gt;&gt;</a>&nbsp;&nbsp;&nbsp;HAL_DMA_IRQHandler
</UL>
<BR>[Address Reference Count : 1]<UL><LI> startup_stm32f407xx.o(RESET)
</UL>
<P><STRONG><a name="[4f]"></a>DMA2_Stream6_IRQHandler</STRONG> (Thumb, 6 bytes, Stack size 0 bytes, stm32f4xx_it.o(i.DMA2_Stream6_IRQHandler))
<BR><BR>[Stack]<UL><LI>Max Depth = 32<LI>Call Chain = DMA2_Stream6_IRQHandler &rArr; HAL_DMA_IRQHandler
</UL>
<BR>[Calls]<UL><LI><a href="#[103]">&gt;&gt;</a>&nbsp;&nbsp;&nbsp;HAL_DMA_IRQHandler
</UL>
<BR>[Address Reference Count : 1]<UL><LI> startup_stm32f407xx.o(RESET)
</UL>
<P><STRONG><a name="[50]"></a>DMA2_Stream7_IRQHandler</STRONG> (Thumb, 6 bytes, Stack size 0 bytes, stm32f4xx_it.o(i.DMA2_Stream7_IRQHandler))
<BR><BR>[Stack]<UL><LI>Max Depth = 32<LI>Call Chain = DMA2_Stream7_IRQHandler &rArr; HAL_DMA_IRQHandler
</UL>
<BR>[Calls]<UL><LI><a href="#[103]">&gt;&gt;</a>&nbsp;&nbsp;&nbsp;HAL_DMA_IRQHandler
</UL>
<BR>[Address Reference Count : 1]<UL><LI> startup_stm32f407xx.o(RESET)
</UL>
<P><STRONG><a name="[104]"></a>DWT_GetTimeline_ms</STRONG> (Thumb, 52 bytes, Stack size 8 bytes, drv_dwt.o(i.DWT_GetTimeline_ms))
<BR><BR>[Stack]<UL><LI>Max Depth = 88<LI>Call Chain = DWT_GetTimeline_ms &rArr; DWT_SysTimeUpdate &rArr; __aeabi_uldivmod
</UL>
<BR>[Calls]<UL><LI><a href="#[105]">&gt;&gt;</a>&nbsp;&nbsp;&nbsp;DWT_SysTimeUpdate
</UL>
<BR>[Called By]<UL><LI><a href="#[98]">&gt;&gt;</a>&nbsp;&nbsp;&nbsp;VESCMotorProcessCANRx
<LI><a href="#[1e6]">&gt;&gt;</a>&nbsp;&nbsp;&nbsp;VESCMotorFeedbackIsOnline
<LI><a href="#[1e5]">&gt;&gt;</a>&nbsp;&nbsp;&nbsp;VESC_CANTransmit
</UL>

<P><STRONG><a name="[ed]"></a>DWT_GetTimeline_us</STRONG> (Thumb, 36 bytes, Stack size 8 bytes, drv_dwt.o(i.DWT_GetTimeline_us))
<BR><BR>[Stack]<UL><LI>Max Depth = 88<LI>Call Chain = DWT_GetTimeline_us &rArr; DWT_SysTimeUpdate &rArr; __aeabi_uldivmod
</UL>
<BR>[Calls]<UL><LI><a href="#[105]">&gt;&gt;</a>&nbsp;&nbsp;&nbsp;DWT_SysTimeUpdate
</UL>
<BR>[Called By]<UL><LI><a href="#[e9]">&gt;&gt;</a>&nbsp;&nbsp;&nbsp;ChassisTask
</UL>

<P><STRONG><a name="[92]"></a>DWT_Init</STRONG> (Thumb, 56 bytes, Stack size 0 bytes, drv_dwt.o(i.DWT_Init))
<BR><BR>[Stack]<UL><LI>Max Depth = 8<LI>Call Chain = DWT_Init &rArr; DWT_CNT_Update
</UL>
<BR>[Calls]<UL><LI><a href="#[106]">&gt;&gt;</a>&nbsp;&nbsp;&nbsp;DWT_CNT_Update
</UL>
<BR>[Called By]<UL><LI><a href="#[91]">&gt;&gt;</a>&nbsp;&nbsp;&nbsp;BSPInit
</UL>

<P><STRONG><a name="[105]"></a>DWT_SysTimeUpdate</STRONG> (Thumb, 136 bytes, Stack size 40 bytes, drv_dwt.o(i.DWT_SysTimeUpdate))
<BR><BR>[Stack]<UL><LI>Max Depth = 80<LI>Call Chain = DWT_SysTimeUpdate &rArr; __aeabi_uldivmod
</UL>
<BR>[Calls]<UL><LI><a href="#[106]">&gt;&gt;</a>&nbsp;&nbsp;&nbsp;DWT_CNT_Update
<LI><a href="#[71]">&gt;&gt;</a>&nbsp;&nbsp;&nbsp;__aeabi_uldivmod
</UL>
<BR>[Called By]<UL><LI><a href="#[ed]">&gt;&gt;</a>&nbsp;&nbsp;&nbsp;DWT_GetTimeline_us
<LI><a href="#[104]">&gt;&gt;</a>&nbsp;&nbsp;&nbsp;DWT_GetTimeline_ms
</UL>

<P><STRONG><a name="[1d2]"></a>DaemonIsOnline</STRONG> (Thumb, 10 bytes, Stack size 0 bytes, daemon.o(i.DaemonIsOnline))
<BR><BR>[Called By]<UL><LI><a href="#[d3]">&gt;&gt;</a>&nbsp;&nbsp;&nbsp;RemoteControlIsOnline
</UL>

<P><STRONG><a name="[107]"></a>DaemonRegister</STRONG> (Thumb, 64 bytes, Stack size 8 bytes, daemon.o(i.DaemonRegister))
<BR><BR>[Stack]<UL><LI>Max Depth = 28<LI>Call Chain = DaemonRegister &rArr; malloc
</UL>
<BR>[Calls]<UL><LI><a href="#[108]">&gt;&gt;</a>&nbsp;&nbsp;&nbsp;malloc
</UL>
<BR>[Called By]<UL><LI><a href="#[1d1]">&gt;&gt;</a>&nbsp;&nbsp;&nbsp;RemoteControlInit
</UL>

<P><STRONG><a name="[1d3]"></a>DaemonReload</STRONG> (Thumb, 6 bytes, Stack size 0 bytes, daemon.o(i.DaemonReload))
<BR><BR>[Called By]<UL><LI><a href="#[64]">&gt;&gt;</a>&nbsp;&nbsp;&nbsp;RemoteControlRxCallback
</UL>

<P><STRONG><a name="[1d9]"></a>DaemonTask</STRONG> (Thumb, 42 bytes, Stack size 16 bytes, daemon.o(i.DaemonTask))
<BR><BR>[Stack]<UL><LI>Max Depth = 16<LI>Call Chain = DaemonTask
</UL>
<BR>[Called By]<UL><LI><a href="#[6c]">&gt;&gt;</a>&nbsp;&nbsp;&nbsp;StartDAEMONTASK
</UL>

<P><STRONG><a name="[7]"></a>DebugMon_Handler</STRONG> (Thumb, 2 bytes, Stack size 0 bytes, stm32f4xx_it.o(i.DebugMon_Handler))
<BR>[Address Reference Count : 1]<UL><LI> startup_stm32f407xx.o(RESET)
</UL>
<P><STRONG><a name="[13]"></a>EXTI3_IRQHandler</STRONG> (Thumb, 6 bytes, Stack size 0 bytes, stm32f4xx_it.o(i.EXTI3_IRQHandler))
<BR><BR>[Stack]<UL><LI>Max Depth = 8<LI>Call Chain = EXTI3_IRQHandler &rArr; HAL_GPIO_EXTI_IRQHandler
</UL>
<BR>[Calls]<UL><LI><a href="#[109]">&gt;&gt;</a>&nbsp;&nbsp;&nbsp;HAL_GPIO_EXTI_IRQHandler
</UL>
<BR>[Address Reference Count : 1]<UL><LI> startup_stm32f407xx.o(RESET)
</UL>
<P><STRONG><a name="[14]"></a>EXTI4_IRQHandler</STRONG> (Thumb, 6 bytes, Stack size 0 bytes, stm32f4xx_it.o(i.EXTI4_IRQHandler))
<BR><BR>[Stack]<UL><LI>Max Depth = 8<LI>Call Chain = EXTI4_IRQHandler &rArr; HAL_GPIO_EXTI_IRQHandler
</UL>
<BR>[Calls]<UL><LI><a href="#[109]">&gt;&gt;</a>&nbsp;&nbsp;&nbsp;HAL_GPIO_EXTI_IRQHandler
</UL>
<BR>[Address Reference Count : 1]<UL><LI> startup_stm32f407xx.o(RESET)
</UL>
<P><STRONG><a name="[21]"></a>EXTI9_5_IRQHandler</STRONG> (Thumb, 6 bytes, Stack size 0 bytes, stm32f4xx_it.o(i.EXTI9_5_IRQHandler))
<BR><BR>[Stack]<UL><LI>Max Depth = 8<LI>Call Chain = EXTI9_5_IRQHandler &rArr; HAL_GPIO_EXTI_IRQHandler
</UL>
<BR>[Calls]<UL><LI><a href="#[109]">&gt;&gt;</a>&nbsp;&nbsp;&nbsp;HAL_GPIO_EXTI_IRQHandler
</UL>
<BR>[Address Reference Count : 1]<UL><LI> startup_stm32f407xx.o(RESET)
</UL>
<P><STRONG><a name="[14d]"></a>Error_Handler</STRONG> (Thumb, 4 bytes, Stack size 0 bytes, main.o(i.Error_Handler))
<BR><BR>[Called By]<UL><LI><a href="#[19b]">&gt;&gt;</a>&nbsp;&nbsp;&nbsp;MX_USART6_UART_Init
<LI><a href="#[19a]">&gt;&gt;</a>&nbsp;&nbsp;&nbsp;MX_USART3_UART_Init
<LI><a href="#[199]">&gt;&gt;</a>&nbsp;&nbsp;&nbsp;MX_USART1_UART_Init
<LI><a href="#[198]">&gt;&gt;</a>&nbsp;&nbsp;&nbsp;MX_TIM8_Init
<LI><a href="#[197]">&gt;&gt;</a>&nbsp;&nbsp;&nbsp;MX_TIM5_Init
<LI><a href="#[196]">&gt;&gt;</a>&nbsp;&nbsp;&nbsp;MX_TIM4_Init
<LI><a href="#[194]">&gt;&gt;</a>&nbsp;&nbsp;&nbsp;MX_TIM1_Init
<LI><a href="#[193]">&gt;&gt;</a>&nbsp;&nbsp;&nbsp;MX_TIM10_Init
<LI><a href="#[192]">&gt;&gt;</a>&nbsp;&nbsp;&nbsp;MX_SPI2_Init
<LI><a href="#[191]">&gt;&gt;</a>&nbsp;&nbsp;&nbsp;MX_SPI1_Init
<LI><a href="#[190]">&gt;&gt;</a>&nbsp;&nbsp;&nbsp;MX_RTC_Init
<LI><a href="#[18f]">&gt;&gt;</a>&nbsp;&nbsp;&nbsp;MX_RNG_Init
<LI><a href="#[188]">&gt;&gt;</a>&nbsp;&nbsp;&nbsp;MX_DAC_Init
<LI><a href="#[187]">&gt;&gt;</a>&nbsp;&nbsp;&nbsp;MX_CRC_Init
<LI><a href="#[186]">&gt;&gt;</a>&nbsp;&nbsp;&nbsp;MX_CAN2_Init
<LI><a href="#[185]">&gt;&gt;</a>&nbsp;&nbsp;&nbsp;MX_CAN1_Init
<LI><a href="#[183]">&gt;&gt;</a>&nbsp;&nbsp;&nbsp;MX_ADC1_Init
<LI><a href="#[1de]">&gt;&gt;</a>&nbsp;&nbsp;&nbsp;SystemClock_Config
<LI><a href="#[176]">&gt;&gt;</a>&nbsp;&nbsp;&nbsp;HAL_UART_MspInit
<LI><a href="#[153]">&gt;&gt;</a>&nbsp;&nbsp;&nbsp;HAL_SPI_MspInit
<LI><a href="#[14a]">&gt;&gt;</a>&nbsp;&nbsp;&nbsp;HAL_RTC_MspInit
</UL>

<P><STRONG><a name="[135]"></a>FLASH_Erase_Sector</STRONG> (Thumb, 76 bytes, Stack size 0 bytes, stm32f4xx_hal_flash_ex.o(i.FLASH_Erase_Sector))
<BR><BR>[Called By]<UL><LI><a href="#[10a]">&gt;&gt;</a>&nbsp;&nbsp;&nbsp;HAL_FLASH_IRQHandler
</UL>

<P><STRONG><a name="[136]"></a>FLASH_FlushCaches</STRONG> (Thumb, 80 bytes, Stack size 0 bytes, stm32f4xx_hal_flash_ex.o(i.FLASH_FlushCaches))
<BR><BR>[Called By]<UL><LI><a href="#[10a]">&gt;&gt;</a>&nbsp;&nbsp;&nbsp;HAL_FLASH_IRQHandler
</UL>

<P><STRONG><a name="[e]"></a>FLASH_IRQHandler</STRONG> (Thumb, 4 bytes, Stack size 0 bytes, stm32f4xx_it.o(i.FLASH_IRQHandler))
<BR><BR>[Stack]<UL><LI>Max Depth = 24<LI>Call Chain = FLASH_IRQHandler &rArr; HAL_FLASH_IRQHandler
</UL>
<BR>[Calls]<UL><LI><a href="#[10a]">&gt;&gt;</a>&nbsp;&nbsp;&nbsp;HAL_FLASH_IRQHandler
</UL>
<BR>[Address Reference Count : 1]<UL><LI> startup_stm32f407xx.o(RESET)
</UL>
<P><STRONG><a name="[10b]"></a>FindClosestIndexWithHeading</STRONG> (Thumb, 172 bytes, Stack size 56 bytes, path_tracker.o(i.FindClosestIndexWithHeading))
<BR><BR>[Stack]<UL><LI>Max Depth = 72<LI>Call Chain = FindClosestIndexWithHeading &rArr; calc_dist &rArr; __hardfp_sqrtf
</UL>
<BR>[Calls]<UL><LI><a href="#[9c]">&gt;&gt;</a>&nbsp;&nbsp;&nbsp;calc_dist
<LI><a href="#[10d]">&gt;&gt;</a>&nbsp;&nbsp;&nbsp;NormalizeAngle
<LI><a href="#[10c]">&gt;&gt;</a>&nbsp;&nbsp;&nbsp;__hardfp_atan2f
</UL>
<BR>[Called By]<UL><LI><a href="#[1b8]">&gt;&gt;</a>&nbsp;&nbsp;&nbsp;OmniControl
</UL>

<P><STRONG><a name="[e8]"></a>FinishTask</STRONG> (Thumb, 132 bytes, Stack size 16 bytes, chassis.o(i.FinishTask))
<BR><BR>[Stack]<UL><LI>Max Depth = 300<LI>Call Chain = FinishTask &rArr; SendStatusAndOdometryToAgent &rArr; AgentTxWrite &rArr; AgentTxKick &rArr; HAL_UART_Transmit_DMA &rArr; HAL_DMA_Start_IT &rArr; DMA_SetConfig
</UL>
<BR>[Calls]<UL><LI><a href="#[e6]">&gt;&gt;</a>&nbsp;&nbsp;&nbsp;Chassis_ResetRotateControl
<LI><a href="#[10e]">&gt;&gt;</a>&nbsp;&nbsp;&nbsp;SendStatusAndOdometryToAgent
</UL>
<BR>[Called By]<UL><LI><a href="#[ea]">&gt;&gt;</a>&nbsp;&nbsp;&nbsp;OmniCalculate
<LI><a href="#[fd]">&gt;&gt;</a>&nbsp;&nbsp;&nbsp;Chassis_UpdateMoveTask
<LI><a href="#[e7]">&gt;&gt;</a>&nbsp;&nbsp;&nbsp;ChassisStopCommand
</UL>

<P><STRONG><a name="[1b9]"></a>GetCurrentPathIndex</STRONG> (Thumb, 6 bytes, Stack size 0 bytes, path_tracker.o(i.GetCurrentPathIndex))
<BR><BR>[Called By]<UL><LI><a href="#[ea]">&gt;&gt;</a>&nbsp;&nbsp;&nbsp;OmniCalculate
</UL>

<P><STRONG><a name="[1b7]"></a>GetNx16_Switch_mode</STRONG> (Thumb, 8 bytes, Stack size 0 bytes, nx16.o(i.GetNx16_Switch_mode))
<BR><BR>[Called By]<UL><LI><a href="#[ea]">&gt;&gt;</a>&nbsp;&nbsp;&nbsp;OmniCalculate
<LI><a href="#[1bd]">&gt;&gt;</a>&nbsp;&nbsp;&nbsp;ParseAgentCommand
</UL>

<P><STRONG><a name="[184]"></a>HAL_ADC_ConfigChannel</STRONG> (Thumb, 326 bytes, Stack size 20 bytes, stm32f4xx_hal_adc.o(i.HAL_ADC_ConfigChannel))
<BR><BR>[Stack]<UL><LI>Max Depth = 20<LI>Call Chain = HAL_ADC_ConfigChannel
</UL>
<BR>[Called By]<UL><LI><a href="#[183]">&gt;&gt;</a>&nbsp;&nbsp;&nbsp;MX_ADC1_Init
</UL>

<P><STRONG><a name="[10f]"></a>HAL_ADC_Init</STRONG> (Thumb, 84 bytes, Stack size 16 bytes, stm32f4xx_hal_adc.o(i.HAL_ADC_Init))
<BR><BR>[Stack]<UL><LI>Max Depth = 24<LI>Call Chain = HAL_ADC_Init &rArr; HAL_ADC_MspInit
</UL>
<BR>[Calls]<UL><LI><a href="#[110]">&gt;&gt;</a>&nbsp;&nbsp;&nbsp;HAL_ADC_MspInit
<LI><a href="#[111]">&gt;&gt;</a>&nbsp;&nbsp;&nbsp;ADC_Init
</UL>
<BR>[Called By]<UL><LI><a href="#[183]">&gt;&gt;</a>&nbsp;&nbsp;&nbsp;MX_ADC1_Init
</UL>

<P><STRONG><a name="[110]"></a>HAL_ADC_MspInit</STRONG> (Thumb, 30 bytes, Stack size 8 bytes, adc.o(i.HAL_ADC_MspInit))
<BR><BR>[Stack]<UL><LI>Max Depth = 8<LI>Call Chain = HAL_ADC_MspInit
</UL>
<BR>[Called By]<UL><LI><a href="#[10f]">&gt;&gt;</a>&nbsp;&nbsp;&nbsp;HAL_ADC_Init
</UL>

<P><STRONG><a name="[17d]"></a>HAL_CAN_ActivateNotification</STRONG> (Thumb, 36 bytes, Stack size 0 bytes, stm32f4xx_hal_can.o(i.HAL_CAN_ActivateNotification))
<BR><BR>[Called By]<UL><LI><a href="#[17b]">&gt;&gt;</a>&nbsp;&nbsp;&nbsp;HWT9053CAN_ProbeInit
<LI><a href="#[1d6]">&gt;&gt;</a>&nbsp;&nbsp;&nbsp;VESCMotorInit
</UL>

<P><STRONG><a name="[1f2]"></a>HAL_CAN_AddTxMessage</STRONG> (Thumb, 226 bytes, Stack size 20 bytes, stm32f4xx_hal_can.o(i.HAL_CAN_AddTxMessage))
<BR><BR>[Stack]<UL><LI>Max Depth = 20<LI>Call Chain = HAL_CAN_AddTxMessage
</UL>
<BR>[Called By]<UL><LI><a href="#[1e5]">&gt;&gt;</a>&nbsp;&nbsp;&nbsp;VESC_CANTransmit
</UL>

<P><STRONG><a name="[17c]"></a>HAL_CAN_ConfigFilter</STRONG> (Thumb, 266 bytes, Stack size 8 bytes, stm32f4xx_hal_can.o(i.HAL_CAN_ConfigFilter))
<BR><BR>[Stack]<UL><LI>Max Depth = 8<LI>Call Chain = HAL_CAN_ConfigFilter
</UL>
<BR>[Called By]<UL><LI><a href="#[17b]">&gt;&gt;</a>&nbsp;&nbsp;&nbsp;HWT9053CAN_ProbeInit
<LI><a href="#[1d6]">&gt;&gt;</a>&nbsp;&nbsp;&nbsp;VESCMotorInit
</UL>

[...]
<LI><a href="#[9d]">&gt;&gt;</a>&nbsp;&nbsp;&nbsp;__hardfp_sqrtf
<LI><a href="#[fb]">&gt;&gt;</a>&nbsp;&nbsp;&nbsp;__hardfp_sinf
<LI><a href="#[fa]">&gt;&gt;</a>&nbsp;&nbsp;&nbsp;__hardfp_cosf
</UL>
<BR>[Called By]<UL><LI><a href="#[ea]">&gt;&gt;</a>&nbsp;&nbsp;&nbsp;OmniCalculate
</UL>

<P><STRONG><a name="[100]"></a>Chassis_UpdatePolarVelocity</STRONG> (Thumb, 390 bytes, Stack size 56 bytes, chassis.o(i.Chassis_UpdatePolarVelocity))
<BR><BR>[Stack]<UL><LI>Max Depth = 92<LI>Call Chain = Chassis_UpdatePolarVelocity &rArr; __hardfp_sinf &rArr; __mathlib_rredf2
</UL>
<BR>[Calls]<UL><LI><a href="#[d8]">&gt;&gt;</a>&nbsp;&nbsp;&nbsp;HAL_GetTick
<LI><a href="#[f5]">&gt;&gt;</a>&nbsp;&nbsp;&nbsp;Chassis_SetMoveWheelSpeed
<LI><a href="#[9d]">&gt;&gt;</a>&nbsp;&nbsp;&nbsp;__hardfp_sqrtf
<LI><a href="#[fb]">&gt;&gt;</a>&nbsp;&nbsp;&nbsp;__hardfp_sinf
<LI><a href="#[fa]">&gt;&gt;</a>&nbsp;&nbsp;&nbsp;__hardfp_cosf
</UL>
<BR>[Called By]<UL><LI><a href="#[ea]">&gt;&gt;</a>&nbsp;&nbsp;&nbsp;OmniCalculate
</UL>

<P><STRONG><a name="[101]"></a>Chassis_UpdateRotateControl</STRONG> (Thumb, 222 bytes, Stack size 16 bytes, chassis.o(i.Chassis_UpdateRotateControl))
<BR><BR>[Stack]<UL><LI>Max Depth = 16<LI>Call Chain = Chassis_UpdateRotateControl
</UL>
<BR>[Calls]<UL><LI><a href="#[d8]">&gt;&gt;</a>&nbsp;&nbsp;&nbsp;HAL_GetTick
</UL>
<BR>[Called By]<UL><LI><a href="#[ea]">&gt;&gt;</a>&nbsp;&nbsp;&nbsp;OmniCalculate
</UL>

<P><STRONG><a name="[102]"></a>Chassis_UpdateRotateRateControl</STRONG> (Thumb, 270 bytes, Stack size 16 bytes, chassis.o(i.Chassis_UpdateRotateRateControl))
<BR><BR>[Stack]<UL><LI>Max Depth = 16<LI>Call Chain = Chassis_UpdateRotateRateControl
</UL>
<BR>[Calls]<UL><LI><a href="#[d8]">&gt;&gt;</a>&nbsp;&nbsp;&nbsp;HAL_GetTick
</UL>
<BR>[Called By]<UL><LI><a href="#[ea]">&gt;&gt;</a>&nbsp;&nbsp;&nbsp;OmniCalculate
</UL>

<P><STRONG><a name="[ee]"></a>IMU_data_send</STRONG> (Thumb, 20 bytes, Stack size 0 bytes, chassis.o(i.IMU_data_send))
<BR><BR>[Stack]<UL><LI>Max Depth = 284<LI>Call Chain = IMU_data_send &rArr; SendStatusAndOdometryToAgent &rArr; AgentTxWrite &rArr; AgentTxKick &rArr; HAL_UART_Transmit_DMA &rArr; HAL_DMA_Start_IT &rArr; DMA_SetConfig
</UL>
<BR>[Calls]<UL><LI><a href="#[10e]">&gt;&gt;</a>&nbsp;&nbsp;&nbsp;SendStatusAndOdometryToAgent
</UL>
<BR>[Called By]<UL><LI><a href="#[e9]">&gt;&gt;</a>&nbsp;&nbsp;&nbsp;ChassisTask
</UL>

<P><STRONG><a name="[eb]"></a>LimitChassisOutput</STRONG> (Thumb, 132 bytes, Stack size 8 bytes, chassis.o(i.LimitChassisOutput))
<BR><BR>[Stack]<UL><LI>Max Depth = 52<LI>Call Chain = LimitChassisOutput &rArr; VESCMotorSetFourRPM &rArr; VESCMotorSetLogicalRPM &rArr; VESC_GetLogicalConfig
</UL>
<BR>[Calls]<UL><LI><a href="#[c5]">&gt;&gt;</a>&nbsp;&nbsp;&nbsp;VESCMotorSetFourRPM
<LI><a href="#[182]">&gt;&gt;</a>&nbsp;&nbsp;&nbsp;VESCMotorGetLogicalFeedbackERPM
</UL>
<BR>[Called By]<UL><LI><a href="#[e9]">&gt;&gt;</a>&nbsp;&nbsp;&nbsp;ChassisTask
</UL>

<P><STRONG><a name="[fe]"></a>MoveTaskClamp</STRONG> (Thumb, 32 bytes, Stack size 0 bytes, chassis.o(i.MoveTaskClamp))
<BR><BR>[Called By]<UL><LI><a href="#[fd]">&gt;&gt;</a>&nbsp;&nbsp;&nbsp;Chassis_UpdateMoveTask
</UL>

<P><STRONG><a name="[ff]"></a>MoveTaskGetDirectionalMinSpeed</STRONG> (Thumb, 128 bytes, Stack size 0 bytes, chassis.o(i.MoveTaskGetDirectionalMinSpeed))
<BR><BR>[Called By]<UL><LI><a href="#[fd]">&gt;&gt;</a>&nbsp;&nbsp;&nbsp;Chassis_UpdateMoveTask
</UL>

<P><STRONG><a name="[ea]"></a>OmniCalculate</STRONG> (Thumb, 2002 bytes, Stack size 112 bytes, chassis.o(i.OmniCalculate))
<BR><BR>[Stack]<UL><LI>Max Depth = 540<LI>Call Chain = OmniCalculate &rArr; Chassis_UpdateMoveTask &rArr; FinishTask &rArr; SendStatusAndOdometryToAgent &rArr; AgentTxWrite &rArr; AgentTxKick &rArr; HAL_UART_Transmit_DMA &rArr; HAL_DMA_Start_IT &rArr; DMA_SetConfig
</UL>
<BR>[Calls]<UL><LI><a href="#[d3]">&gt;&gt;</a>&nbsp;&nbsp;&nbsp;RemoteControlIsOnline
<LI><a href="#[d8]">&gt;&gt;</a>&nbsp;&nbsp;&nbsp;HAL_GetTick
<LI><a href="#[1b4]">&gt;&gt;</a>&nbsp;&nbsp;&nbsp;ResetPathIndex
<LI><a href="#[1b8]">&gt;&gt;</a>&nbsp;&nbsp;&nbsp;OmniControl
<LI><a href="#[1b9]">&gt;&gt;</a>&nbsp;&nbsp;&nbsp;GetCurrentPathIndex
<LI><a href="#[e8]">&gt;&gt;</a>&nbsp;&nbsp;&nbsp;FinishTask
<LI><a href="#[102]">&gt;&gt;</a>&nbsp;&nbsp;&nbsp;Chassis_UpdateRotateRateControl
<LI><a href="#[101]">&gt;&gt;</a>&nbsp;&nbsp;&nbsp;Chassis_UpdateRotateControl
<LI><a href="#[100]">&gt;&gt;</a>&nbsp;&nbsp;&nbsp;Chassis_UpdatePolarVelocity
<LI><a href="#[fd]">&gt;&gt;</a>&nbsp;&nbsp;&nbsp;Chassis_UpdateMoveTask
<LI><a href="#[fc]">&gt;&gt;</a>&nbsp;&nbsp;&nbsp;Chassis_TaskTimedOut
<LI><a href="#[f8]">&gt;&gt;</a>&nbsp;&nbsp;&nbsp;Chassis_StartMoveTask
<LI><a href="#[e5]">&gt;&gt;</a>&nbsp;&nbsp;&nbsp;Chassis_SetTaskTimeout
<LI><a href="#[f5]">&gt;&gt;</a>&nbsp;&nbsp;&nbsp;Chassis_SetMoveWheelSpeed
<LI><a href="#[e6]">&gt;&gt;</a>&nbsp;&nbsp;&nbsp;Chassis_ResetRotateControl
<LI><a href="#[ef]">&gt;&gt;</a>&nbsp;&nbsp;&nbsp;ChassisVelocityFeedbackReady
<LI><a href="#[de]">&gt;&gt;</a>&nbsp;&nbsp;&nbsp;ChassisSerialControlIsAllowed
<LI><a href="#[d9]">&gt;&gt;</a>&nbsp;&nbsp;&nbsp;ChassisGetHeading
<LI><a href="#[1ba]">&gt;&gt;</a>&nbsp;&nbsp;&nbsp;ChassisContinuousModeIsActive
<LI><a href="#[a7]">&gt;&gt;</a>&nbsp;&nbsp;&nbsp;ChassisClosedLoopFeedbackReady
<LI><a href="#[1b3]">&gt;&gt;</a>&nbsp;&nbsp;&nbsp;ChassisApiOverrideIsActive
<LI><a href="#[dc]">&gt;&gt;</a>&nbsp;&nbsp;&nbsp;TaskInit
<LI><a href="#[a4]">&gt;&gt;</a>&nbsp;&nbsp;&nbsp;ChassisClearApiCommand
<LI><a href="#[1b5]">&gt;&gt;</a>&nbsp;&nbsp;&nbsp;Nx16_TrySwitchActive
<LI><a href="#[1b6]">&gt;&gt;</a>&nbsp;&nbsp;&nbsp;Nx16_GetDynamicPath
<LI><a href="#[cd]">&gt;&gt;</a>&nbsp;&nbsp;&nbsp;Nx16V2LinkIsAlive
<LI><a href="#[1a3]">&gt;&gt;</a>&nbsp;&nbsp;&nbsp;Nx16ResetProtocolState
<LI><a href="#[1b7]">&gt;&gt;</a>&nbsp;&nbsp;&nbsp;GetNx16_Switch_mode
<LI><a href="#[9d]">&gt;&gt;</a>&nbsp;&nbsp;&nbsp;__hardfp_sqrtf
</UL>
<BR>[Called By]<UL><LI><a href="#[e9]">&gt;&gt;</a>&nbsp;&nbsp;&nbsp;ChassisTask
</UL>

<P><STRONG><a name="[aa]"></a>ChassisControl_ExitVelocityMode</STRONG> (Thumb, 28 bytes, Stack size 0 bytes, chassis_control.o(i.ChassisControl_ExitVelocityMode))
<BR><BR>[Stack]<UL><LI>Max Depth = 24<LI>Call Chain = ChassisControl_ExitVelocityMode &rArr; ChassisControl_RequestLegacyMode &rArr; ChassisControl_StopNewChain &rArr; RPM_CompensationReset
</UL>
<BR>[Calls]<UL><LI><a href="#[ab]">&gt;&gt;</a>&nbsp;&nbsp;&nbsp;ChassisControl_RequestLegacyMode
</UL>
<BR>[Called By]<UL><LI><a href="#[c8]">&gt;&gt;</a>&nbsp;&nbsp;&nbsp;ChassisControl_Update
</UL>

<P><STRONG><a name="[b6]"></a>ChassisControl_RunVelocityChain</STRONG> (Thumb, 450 bytes, Stack size 216 bytes, chassis_control.o(i.ChassisControl_RunVelocityChain))
<BR><BR>[Stack]<UL><LI>Max Depth = 368<LI>Call Chain = ChassisControl_RunVelocityChain &rArr; ChassisVelocity_Update &rArr; ChassisVelocity_ClampVector &rArr; __hardfp_sqrtf
</UL>
<BR>[Calls]<UL><LI><a href="#[bd]">&gt;&gt;</a>&nbsp;&nbsp;&nbsp;StateEstimator_Update
<LI><a href="#[be]">&gt;&gt;</a>&nbsp;&nbsp;&nbsp;StateEstimator_GetState
<LI><a href="#[bb]">&gt;&gt;</a>&nbsp;&nbsp;&nbsp;SlipDetector_Update
<LI><a href="#[bc]">&gt;&gt;</a>&nbsp;&nbsp;&nbsp;SlipDetector_GetState
<LI><a href="#[c3]">&gt;&gt;</a>&nbsp;&nbsp;&nbsp;RPM_CompensationGetWheelState
<LI><a href="#[c4]">&gt;&gt;</a>&nbsp;&nbsp;&nbsp;RPM_CompensationGetLastFaultMask
<LI><a href="#[c2]">&gt;&gt;</a>&nbsp;&nbsp;&nbsp;RPM_CompensateFour
<LI><a href="#[c1]">&gt;&gt;</a>&nbsp;&nbsp;&nbsp;MecanumKinematics_Inverse
<LI><a href="#[ba]">&gt;&gt;</a>&nbsp;&nbsp;&nbsp;IMUState_Get
<LI><a href="#[bf]">&gt;&gt;</a>&nbsp;&nbsp;&nbsp;ChassisVelocity_Update
<LI><a href="#[b7]">&gt;&gt;</a>&nbsp;&nbsp;&nbsp;ChassisVelocity_GetTarget
<LI><a href="#[c0]">&gt;&gt;</a>&nbsp;&nbsp;&nbsp;ChassisVelocity_GetControllerDebug
<LI><a href="#[c5]">&gt;&gt;</a>&nbsp;&nbsp;&nbsp;VESCMotorSetFourRPM
<LI><a href="#[b8]">&gt;&gt;</a>&nbsp;&nbsp;&nbsp;ChassisFeedback_Get
<LI><a href="#[b9]">&gt;&gt;</a>&nbsp;&nbsp;&nbsp;__aeabi_memcpy4
</UL>
<BR>[Called By]<UL><LI><a href="#[c8]">&gt;&gt;</a>&nbsp;&nbsp;&nbsp;ChassisControl_Update
</UL>

<P><STRONG><a name="[d0]"></a>ChassisControl_SerialVelocityAllowed</STRONG> (Thumb, 8 bytes, Stack size 0 bytes, chassis_control.o(i.ChassisControl_SerialVelocityAllowed))
<BR><BR>[Called By]<UL><LI><a href="#[c8]">&gt;&gt;</a>&nbsp;&nbsp;&nbsp;ChassisControl_Update
</UL>

<P><STRONG><a name="[b5]"></a>ChassisControl_StopNewChain</STRONG> (Thumb, 14 bytes, Stack size 8 bytes, chassis_control.o(i.ChassisControl_StopNewChain))
<BR><BR>[Stack]<UL><LI>Max Depth = 16<LI>Call Chain = ChassisControl_StopNewChain &rArr; RPM_CompensationReset
</UL>
<BR>[Calls]<UL><LI><a href="#[c7]">&gt;&gt;</a>&nbsp;&nbsp;&nbsp;RPM_CompensationReset
<LI><a href="#[c6]">&gt;&gt;</a>&nbsp;&nbsp;&nbsp;ChassisVelocity_Stop
</UL>
<BR>[Called By]<UL><LI><a href="#[ab]">&gt;&gt;</a>&nbsp;&nbsp;&nbsp;ChassisControl_RequestLegacyMode
</UL>

<P><STRONG><a name="[ca]"></a>ChassisControl_UpdateRemoteDebug</STRONG> (Thumb, 132 bytes, Stack size 8 bytes, chassis_control.o(i.ChassisControl_UpdateRemoteDebug))
<BR><BR>[Stack]<UL><LI>Max Depth = 16<LI>Call Chain = ChassisControl_UpdateRemoteDebug &rArr; RemoteControlIsOnline
</UL>
<BR>[Calls]<UL><LI><a href="#[d3]">&gt;&gt;</a>&nbsp;&nbsp;&nbsp;RemoteControlIsOnline
</UL>
<BR>[Called By]<UL><LI><a href="#[c8]">&gt;&gt;</a>&nbsp;&nbsp;&nbsp;ChassisControl_Update
</UL>

<P><STRONG><a name="[f2]"></a>ChassisVelocity_Clamp</STRONG> (Thumb, 32 bytes, Stack size 0 bytes, chassis_velocity.o(i.ChassisVelocity_Clamp))
<BR><BR>[Called By]<UL><LI><a href="#[bf]">&gt;&gt;</a>&nbsp;&nbsp;&nbsp;ChassisVelocity_Update
</UL>

<P><STRONG><a name="[f0]"></a>ChassisVelocity_ClampVector</STRONG> (Thumb, 118 bytes, Stack size 24 bytes, chassis_velocity.o(i.ChassisVelocity_ClampVector))
<BR><BR>[Stack]<UL><LI>Max Depth = 40<LI>Call Chain = ChassisVelocity_ClampVector &rArr; __hardfp_sqrtf
</UL>
<BR>[Calls]<UL><LI><a href="#[9d]">&gt;&gt;</a>&nbsp;&nbsp;&nbsp;__hardfp_sqrtf
</UL>
<BR>[Called By]<UL><LI><a href="#[bf]">&gt;&gt;</a>&nbsp;&nbsp;&nbsp;ChassisVelocity_Update
</UL>

<P><STRONG><a name="[f3]"></a>ChassisVelocity_IsFinite</STRONG> (Thumb, 38 bytes, Stack size 0 bytes, chassis_velocity.o(i.ChassisVelocity_IsFinite))
<BR><BR>[Called By]<UL><LI><a href="#[bf]">&gt;&gt;</a>&nbsp;&nbsp;&nbsp;ChassisVelocity_Update
<LI><a href="#[f7]">&gt;&gt;</a>&nbsp;&nbsp;&nbsp;Chassis_SetVelocity
</UL>

<P><STRONG><a name="[f4]"></a>ChassisVelocity_WrapAngle</STRONG> (Thumb, 38 bytes, Stack size 0 bytes, chassis_velocity.o(i.ChassisVelocity_WrapAngle))
<BR><BR>[Called By]<UL><LI><a href="#[bf]">&gt;&gt;</a>&nbsp;&nbsp;&nbsp;ChassisVelocity_Update
</UL>

<P><STRONG><a name="[d7]"></a>ChassisFeedback_LowPass</STRONG> (Thumb, 44 bytes, Stack size 0 bytes, chassis_feedback.o(i.ChassisFeedback_LowPass))
<BR><BR>[Called By]<UL><LI><a href="#[c9]">&gt;&gt;</a>&nbsp;&nbsp;&nbsp;ChassisFeedback_Update
</UL>

<P><STRONG><a name="[19c]"></a>MecanumKinematics_MpsPerERPM</STRONG> (Thumb, 40 bytes, Stack size 0 bytes, mecanum_kinematics.o(i.MecanumKinematics_MpsPerERPM))
<BR><BR>[Called By]<UL><LI><a href="#[d5]">&gt;&gt;</a>&nbsp;&nbsp;&nbsp;MecanumKinematics_Forward
<LI><a href="#[c1]">&gt;&gt;</a>&nbsp;&nbsp;&nbsp;MecanumKinematics_Inverse
</UL>

<P><STRONG><a name="[19d]"></a>MecanumKinematics_ParamValid</STRONG> (Thumb, 156 bytes, Stack size 0 bytes, mecanum_kinematics.o(i.MecanumKinematics_ParamValid))
<BR><BR>[Called By]<UL><LI><a href="#[af]">&gt;&gt;</a>&nbsp;&nbsp;&nbsp;MecanumKinematics_Init
</UL>

<P><STRONG><a name="[1cb]"></a>RPM_AddElapsed</STRONG> (Thumb, 16 bytes, Stack size 0 bytes, rpm_compensation.o(i.RPM_AddElapsed))
<BR><BR>[Called By]<UL><LI><a href="#[1c6]">&gt;&gt;</a>&nbsp;&nbsp;&nbsp;RPM_CompensateWheel
</UL>

<P><STRONG><a name="[1c4]"></a>RPM_AllWheelValuesFiniteAndPositive</STRONG> (Thumb, 108 bytes, Stack size 8 bytes, rpm_compensation.o(i.RPM_AllWheelValuesFiniteAndPositive))
<BR><BR>[Stack]<UL><LI>Max Depth = 8<LI>Call Chain = RPM_AllWheelValuesFiniteAndPositive
</UL>
<BR>[Calls]<UL><LI><a href="#[1c5]">&gt;&gt;</a>&nbsp;&nbsp;&nbsp;RPM_IsFinite
</UL>
<BR>[Called By]<UL><LI><a href="#[1cf]">&gt;&gt;</a>&nbsp;&nbsp;&nbsp;RPM_ParametersValid
</UL>

<P><STRONG><a name="[1cc]"></a>RPM_CalculateRunningOutput</STRONG> (Thumb, 66 bytes, Stack size 0 bytes, rpm_compensation.o(i.RPM_CalculateRunningOutput))
<BR><BR>[Called By]<UL><LI><a href="#[1c6]">&gt;&gt;</a>&nbsp;&nbsp;&nbsp;RPM_CompensateWheel
</UL>

<P><STRONG><a name="[1d0]"></a>RPM_ClampOutput</STRONG> (Thumb, 26 bytes, Stack size 0 bytes, rpm_compensation.o(i.RPM_ClampOutput))
<BR><BR>[Called By]<UL><LI><a href="#[1ca]">&gt;&gt;</a>&nbsp;&nbsp;&nbsp;RPM_SignedOutput
</UL>

<P><STRONG><a name="[1c6]"></a>RPM_CompensateWheel</STRONG> (Thumb, 1094 bytes, Stack size 64 bytes, rpm_compensation.o(i.RPM_CompensateWheel))
<BR><BR>[Stack]<UL><LI>Max Depth = 72<LI>Call Chain = RPM_CompensateWheel &rArr; RPM_SignedOutput
</UL>
<BR>[Calls]<UL><LI><a href="#[1ca]">&gt;&gt;</a>&nbsp;&nbsp;&nbsp;RPM_SignedOutput
<LI><a href="#[1c7]">&gt;&gt;</a>&nbsp;&nbsp;&nbsp;RPM_SetWheelFault
<LI><a href="#[1cd]">&gt;&gt;</a>&nbsp;&nbsp;&nbsp;RPM_ResetWheelState
<LI><a href="#[1c5]">&gt;&gt;</a>&nbsp;&nbsp;&nbsp;RPM_IsFinite
<LI><a href="#[1c8]">&gt;&gt;</a>&nbsp;&nbsp;&nbsp;RPM_GetWheelValue
<LI><a href="#[1c9]">&gt;&gt;</a>&nbsp;&nbsp;&nbsp;RPM_EnterStartBoost
<LI><a href="#[1cc]">&gt;&gt;</a>&nbsp;&nbsp;&nbsp;RPM_CalculateRunningOutput
<LI><a href="#[1cb]">&gt;&gt;</a>&nbsp;&nbsp;&nbsp;RPM_AddElapsed
</UL>
<BR>[Called By]<UL><LI><a href="#[c2]">&gt;&gt;</a>&nbsp;&nbsp;&nbsp;RPM_CompensateFour
</UL>

<P><STRONG><a name="[1c9]"></a>RPM_EnterStartBoost</STRONG> (Thumb, 24 bytes, Stack size 0 bytes, rpm_compensation.o(i.RPM_EnterStartBoost))
<BR><BR>[Called By]<UL><LI><a href="#[1c6]">&gt;&gt;</a>&nbsp;&nbsp;&nbsp;RPM_CompensateWheel
</UL>

<P><STRONG><a name="[1c8]"></a>RPM_GetWheelValue</STRONG> (Thumb, 46 bytes, Stack size 0 bytes, rpm_compensation.o(i.RPM_GetWheelValue))
<BR><BR>[Called By]<UL><LI><a href="#[1cf]">&gt;&gt;</a>&nbsp;&nbsp;&nbsp;RPM_ParametersValid
<LI><a href="#[1c6]">&gt;&gt;</a>&nbsp;&nbsp;&nbsp;RPM_CompensateWheel
</UL>

<P><STRONG><a name="[1c5]"></a>RPM_IsFinite</STRONG> (Thumb, 38 bytes, Stack size 0 bytes, rpm_compensation.o(i.RPM_IsFinite))
<BR><BR>[Called By]<UL><LI><a href="#[1cf]">&gt;&gt;</a>&nbsp;&nbsp;&nbsp;RPM_ParametersValid
<LI><a href="#[1c6]">&gt;&gt;</a>&nbsp;&nbsp;&nbsp;RPM_CompensateWheel
<LI><a href="#[1c4]">&gt;&gt;</a>&nbsp;&nbsp;&nbsp;RPM_AllWheelValuesFiniteAndPositive
</UL>

<P><STRONG><a name="[1cf]"></a>RPM_ParametersValid</STRONG> (Thumb, 418 bytes, Stack size 40 bytes, rpm_compensation.o(i.RPM_ParametersValid))
<BR><BR>[Stack]<UL><LI>Max Depth = 48<LI>Call Chain = RPM_ParametersValid &rArr; RPM_AllWheelValuesFiniteAndPositive
</UL>
<BR>[Calls]<UL><LI><a href="#[1c5]">&gt;&gt;</a>&nbsp;&nbsp;&nbsp;RPM_IsFinite
<LI><a href="#[1c8]">&gt;&gt;</a>&nbsp;&nbsp;&nbsp;RPM_GetWheelValue
<LI><a href="#[1c4]">&gt;&gt;</a>&nbsp;&nbsp;&nbsp;RPM_AllWheelValuesFiniteAndPositive
</UL>
<BR>[Called By]<UL><LI><a href="#[1ce]">&gt;&gt;</a>&nbsp;&nbsp;&nbsp;RPM_CompensationSetParam
</UL>

<P><STRONG><a name="[1cd]"></a>RPM_ResetWheelState</STRONG> (Thumb, 12 bytes, Stack size 0 bytes, rpm_compensation.o(i.RPM_ResetWheelState))
<BR><BR>[Calls]<UL><LI><a href="#[ad]">&gt;&gt;</a>&nbsp;&nbsp;&nbsp;__aeabi_memclr4
</UL>
<BR>[Called By]<UL><LI><a href="#[1c6]">&gt;&gt;</a>&nbsp;&nbsp;&nbsp;RPM_CompensateWheel
</UL>

<P><STRONG><a name="[1c7]"></a>RPM_SetWheelFault</STRONG> (Thumb, 28 bytes, Stack size 0 bytes, rpm_compensation.o(i.RPM_SetWheelFault))
<BR><BR>[Called By]<UL><LI><a href="#[1c6]">&gt;&gt;</a>&nbsp;&nbsp;&nbsp;RPM_CompensateWheel
</UL>

<P><STRONG><a name="[1ca]"></a>RPM_SignedOutput</STRONG> (Thumb, 18 bytes, Stack size 8 bytes, rpm_compensation.o(i.RPM_SignedOutput))
<BR><BR>[Stack]<UL><LI>Max Depth = 8<LI>Call Chain = RPM_SignedOutput
</UL>
<BR>[Calls]<UL><LI><a href="#[1d0]">&gt;&gt;</a>&nbsp;&nbsp;&nbsp;RPM_ClampOutput
</UL>
<BR>[Called By]<UL><LI><a href="#[1c6]">&gt;&gt;</a>&nbsp;&nbsp;&nbsp;RPM_CompensateWheel
</UL>

<P><STRONG><a name="[1dc]"></a>StateEstimator_WrapPi</STRONG> (Thumb, 38 bytes, Stack size 0 bytes, state_estimator.o(i.StateEstimator_WrapPi))
<BR><BR>[Called By]<UL><LI><a href="#[bd]">&gt;&gt;</a>&nbsp;&nbsp;&nbsp;StateEstimator_Update
</UL>

<P><STRONG><a name="[1d8]"></a>SlipDetector_Clamp</STRONG> (Thumb, 32 bytes, Stack size 0 bytes, slip_detector.o(i.SlipDetector_Clamp))
<BR><BR>[Called By]<UL><LI><a href="#[bb]">&gt;&gt;</a>&nbsp;&nbsp;&nbsp;SlipDetector_Update
</UL>

<P><STRONG><a name="[9e]"></a>CalibrationDispatchLine</STRONG> (Thumb, 104 bytes, Stack size 24 bytes, chassis_rpm_calibration.o(i.CalibrationDispatchLine))
<BR><BR>[Stack]<UL><LI>Max Depth = 136<LI>Call Chain = CalibrationDispatchLine &rArr; CalibrationParseSetRPM &rArr; strtol &rArr; _strtoul
</UL>
<BR>[Calls]<UL><LI><a href="#[a0]">&gt;&gt;</a>&nbsp;&nbsp;&nbsp;CalibrationSetPending
<LI><a href="#[a2]">&gt;&gt;</a>&nbsp;&nbsp;&nbsp;CalibrationParseSetRPM
<LI><a href="#[9f]">&gt;&gt;</a>&nbsp;&nbsp;&nbsp;CalibrationLineEquals
<LI><a href="#[a1]">&gt;&gt;</a>&nbsp;&nbsp;&nbsp;strncmp
</UL>
<BR>[Called By]<UL><LI><a href="#[e2]">&gt;&gt;</a>&nbsp;&nbsp;&nbsp;ChassisRPMCalibration_TryParse
</UL>

<P><STRONG><a name="[9f]"></a>CalibrationLineEquals</STRONG> (Thumb, 16 bytes, Stack size 8 bytes, chassis_rpm_calibration.o(i.CalibrationLineEquals))
<BR><BR>[Stack]<UL><LI>Max Depth = 16<LI>Call Chain = CalibrationLineEquals &rArr; strcmp
</UL>
<BR>[Calls]<UL><LI><a href="#[a3]">&gt;&gt;</a>&nbsp;&nbsp;&nbsp;strcmp
</UL>
<BR>[Called By]<UL><LI><a href="#[9e]">&gt;&gt;</a>&nbsp;&nbsp;&nbsp;CalibrationDispatchLine
</UL>

<P><STRONG><a name="[e3]"></a>CalibrationLooksLikeText</STRONG> (Thumb, 38 bytes, Stack size 0 bytes, chassis_rpm_calibration.o(i.CalibrationLooksLikeText))
<BR><BR>[Called By]<UL><LI><a href="#[e2]">&gt;&gt;</a>&nbsp;&nbsp;&nbsp;ChassisRPMCalibration_TryParse
</UL>

<P><STRONG><a name="[a2]"></a>CalibrationParseSetRPM</STRONG> (Thumb, 130 bytes, Stack size 40 bytes, chassis_rpm_calibration.o(i.CalibrationParseSetRPM))
<BR><BR>[Stack]<UL><LI>Max Depth = 112<LI>Call Chain = CalibrationParseSetRPM &rArr; strtol &rArr; _strtoul
</UL>
<BR>[Calls]<UL><LI><a href="#[77]">&gt;&gt;</a>&nbsp;&nbsp;&nbsp;strtol
<LI><a href="#[a1]">&gt;&gt;</a>&nbsp;&nbsp;&nbsp;strncmp
</UL>
<BR>[Called By]<UL><LI><a href="#[9e]">&gt;&gt;</a>&nbsp;&nbsp;&nbsp;CalibrationDispatchLine
</UL>

<P><STRONG><a name="[a0]"></a>CalibrationSetPending</STRONG> (Thumb, 2 bytes, Stack size 0 bytes, chassis_rpm_calibration.o(i.CalibrationSetPending))
<BR><BR>[Called By]<UL><LI><a href="#[9e]">&gt;&gt;</a>&nbsp;&nbsp;&nbsp;CalibrationDispatchLine
<LI><a href="#[e2]">&gt;&gt;</a>&nbsp;&nbsp;&nbsp;ChassisRPMCalibration_TryParse
</UL>

<P><STRONG><a name="[1bb]"></a>FloatClamp</STRONG> (Thumb, 32 bytes, Stack size 0 bytes, path_tracker.o(i.FloatClamp))
<BR><BR>[Called By]<UL><LI><a href="#[1b8]">&gt;&gt;</a>&nbsp;&nbsp;&nbsp;OmniControl
</UL>

<P><STRONG><a name="[10d]"></a>NormalizeAngle</STRONG> (Thumb, 38 bytes, Stack size 0 bytes, path_tracker.o(i.NormalizeAngle))
<BR><BR>[Called By]<UL><LI><a href="#[1b8]">&gt;&gt;</a>&nbsp;&nbsp;&nbsp;OmniControl
<LI><a href="#[10b]">&gt;&gt;</a>&nbsp;&nbsp;&nbsp;FindClosestIndexWithHeading
</UL>

<P><STRONG><a name="[9c]"></a>calc_dist</STRONG> (Thumb, 20 bytes, Stack size 0 bytes, path_tracker.o(i.calc_dist))
<BR><BR>[Stack]<UL><LI>Max Depth = 16<LI>Call Chain = calc_dist &rArr; __hardfp_sqrtf
</UL>
<BR>[Calls]<UL><LI><a href="#[9d]">&gt;&gt;</a>&nbsp;&nbsp;&nbsp;__hardfp_sqrtf
</UL>
<BR>[Called By]<UL><LI><a href="#[1b8]">&gt;&gt;</a>&nbsp;&nbsp;&nbsp;OmniControl
<LI><a href="#[10b]">&gt;&gt;</a>&nbsp;&nbsp;&nbsp;FindClosestIndexWithHeading
<LI><a href="#[9b]">&gt;&gt;</a>&nbsp;&nbsp;&nbsp;CalculateCurvature
</UL>
<P>
<H3>
Undefined Global Symbols
</H3><HR></body></html>
