<html>
<body>
<pre>
<h1>µVision Build Log</h1>
<h2>Tool Versions:</h2>
IDE-Version: ¦ÌVision V5.43.1.0
Copyright (C) 2025 ARM Ltd and ARM Germany GmbH. All rights reserved.
License Information: Bo bo, @, LIC=9WSKC-71939-9UH4U-SU0X9-BFK82-K4ILF
 
Tool Versions:
Toolchain:       MDK-ARM Plus  Version: 5.43.0.0
Toolchain Path:  D:\keil\ARM\ARMCC\Bin
C Compiler:      Armcc.exe V5.06 update 5 (build 528)
Assembler:       Armasm.exe V5.06 update 5 (build 528)
Linker/Locator:  ArmLink.exe V5.06 update 5 (build 528)
Library Manager: ArmAr.exe V5.06 update 5 (build 528)
Hex Converter:   FromElf.exe V5.06 update 5 (build 528)
CPU DLL:         SARMCM3.DLL V5.43.0.0
Dialog DLL:      DCM.DLL V1.17.5.0
Target DLL:      CMSIS_AGDI.dll V1.33.24.0
Dialog DLL:      TCM.DLL V1.56.6.0
 
<h2>Project:</h2>
E:\code\mppi\keil\MDK-ARM\work_Zxj.uvprojx
Project File Date:  07/29/2026

<h2>Output:</h2>
*** Using Compiler 'V5.06 update 5 (build 528)', folder: 'D:\keil\ARM\ARMCC\Bin'
Build target 'work_Zxj'
compiling rpm_compensation.c...
compiling chassis_feedback.c...
compiling imu_state.c...
compiling wheel_feedback.c...
compiling chassis_velocity.c...
compiling chassis_control.c...
../CUBOT/Cubot_devices/flysky_sbus.h(116): warning:  #1295-D: Deprecated declaration RemoteControlIsOnline - give arg types
  uint8_t RemoteControlIsOnline();
../CUBOT/Cubot_driver/drv_init.h(20): warning:  #1295-D: Deprecated declaration BSPInit - give arg types
  void BSPInit();
../CUBOT/Cubot_devices_Motor/motor_task.h(22): warning:  #1295-D: Deprecated declaration MotorControlTask - give arg types
  void MotorControlTask();
../CUBOT/Cubot_devices_daemon/daemon.h(60): warning:  #1295-D: Deprecated declaration DaemonTask - give arg types
  void DaemonTask();
..\CUBOT\Cubot_Velocity\chassis_control.c: 4 warnings, 0 errors
linking...
Program Size: Code=51116 RO-data=796 RW-data=912 ZI-data=86368  
FromELF: creating hex file...
"work_Zxj\work_Zxj.axf" - 0 Error(s), 4 Warning(s).

<h2>Software Packages used:</h2>

Package Vendor: ARM
                https://www.keil.com/pack/ARM.CMSIS.6.3.0.pack
                ARM::CMSIS@6.3.0
                CMSIS (Common Microcontroller Software Interface Standard)
   * Component: CORE Version: 6.2.0

Package Vendor: Keil
                https://www.keil.com/pack/Keil.STM32F4xx_DFP.2.17.1.pack
                Keil::STM32F4xx_DFP@2.17.1
                STMicroelectronics STM32F4 Series Device Support, Drivers and Examples

<h2>Collection of Component include folders:</h2>
  ./RTE/_work_Zxj
  D:/keil/ARM/PACK/ARM/CMSIS/6.3.0/CMSIS/Core/Include
  D:/keil/ARM/PACK/Keil/STM32F4xx_DFP/2.17.1/Drivers/CMSIS/Device/ST/STM32F4xx/Include

<h2>Collection of Component Files used:</h2>

   * Component: ARM::CMSIS:CORE@6.2.0
Build Time Elapsed:  00:00:04
</pre>
</body>
</html>
